Archive member included to satisfy reference by file (symbol)

C:/Program Files/Microchip/xc32/v5.10/bin/bin/../../lib/gcc/pic32c/13.2.1/../../../../pic32c/lib/thumb/v8-m.base/nofp\libpic32c.a(data_init.o)
                              build/default/production/_ext/1171490990/startup_xc32.o (__pic32c_data_initialization)
C:/Program Files/Microchip/xc32/v5.10/bin/bin/../../lib/gcc/pic32c/13.2.1/../../../../pic32c/lib/thumb/v8-m.base/nofp\libc-musl.a(__libc_start_main.o)
                              build/default/production/_ext/1171490990/startup_xc32.o (__libc_init_array)
C:/Program Files/Microchip/xc32/v5.10/bin/bin/../../lib/gcc/pic32c/13.2.1/../../../../pic32c/lib/thumb/v8-m.base/nofp\libc-musl.a(libc.o)
                              C:/Program Files/Microchip/xc32/v5.10/bin/bin/../../lib/gcc/pic32c/13.2.1/../../../../pic32c/lib/thumb/v8-m.base/nofp\libc-musl.a(__libc_start_main.o) (__progname_full)
C:/Program Files/Microchip/xc32/v5.10/bin/bin/../../lib/gcc/pic32c/13.2.1/../../../../pic32c/lib/thumb/v8-m.base/nofp\libc-musl.a(__sio_printf_dnu.o)
                              (_printf_dnu)
C:/Program Files/Microchip/xc32/v5.10/bin/bin/../../lib/gcc/pic32c/13.2.1/../../../../pic32c/lib/thumb/v8-m.base/nofp\libc-musl.a(__fmt_d.o)
                              C:/Program Files/Microchip/xc32/v5.10/bin/bin/../../lib/gcc/pic32c/13.2.1/../../../../pic32c/lib/thumb/v8-m.base/nofp\libc-musl.a(__sio_printf_dnu.o) (__fmt_d_needed)
C:/Program Files/Microchip/xc32/v5.10/bin/bin/../../lib/gcc/pic32c/13.2.1/../../../../pic32c/lib/thumb/v8-m.base/nofp\libc-musl.a(__fmt_u.o)
                              C:/Program Files/Microchip/xc32/v5.10/bin/bin/../../lib/gcc/pic32c/13.2.1/../../../../pic32c/lib/thumb/v8-m.base/nofp\libc-musl.a(__sio_printf_dnu.o) (__fmt_u_needed)
C:/Program Files/Microchip/xc32/v5.10/bin/bin/../../lib/gcc/pic32c/13.2.1/../../../../pic32c/lib/thumb/v8-m.base/nofp\libc-musl.a(__pop_int.o)
                              C:/Program Files/Microchip/xc32/v5.10/bin/bin/../../lib/gcc/pic32c/13.2.1/../../../../pic32c/lib/thumb/v8-m.base/nofp\libc-musl.a(__sio_printf_dnu.o) (__pop_int_needed)
C:/Program Files/Microchip/xc32/v5.10/bin/bin/../../lib/gcc/pic32c/13.2.1/../../../../pic32c/lib/thumb/v8-m.base/nofp\libc-musl.a(__pop_ptr.o)
                              C:/Program Files/Microchip/xc32/v5.10/bin/bin/../../lib/gcc/pic32c/13.2.1/../../../../pic32c/lib/thumb/v8-m.base/nofp\libc-musl.a(__sio_printf_dnu.o) (__pop_ptr_needed)
C:/Program Files/Microchip/xc32/v5.10/bin/bin/../../lib/gcc/pic32c/13.2.1/../../../../pic32c/lib/thumb/v8-m.base/nofp\libc-musl.a(__printf_core.o)
                              C:/Program Files/Microchip/xc32/v5.10/bin/bin/../../lib/gcc/pic32c/13.2.1/../../../../pic32c/lib/thumb/v8-m.base/nofp\libc-musl.a(__fmt_d.o) (__pad)
C:/Program Files/Microchip/xc32/v5.10/bin/bin/../../lib/gcc/pic32c/13.2.1/../../../../pic32c/lib/thumb/v8-m.base/nofp\libc-musl.a(stdin.o)
                              build/default/production/_ext/1171490990/initialization.o (_stdin)
C:/Program Files/Microchip/xc32/v5.10/bin/bin/../../lib/gcc/pic32c/13.2.1/../../../../pic32c/lib/thumb/v8-m.base/nofp\libc-musl.a(stdout.o)
                              build/default/production/_ext/1171490990/initialization.o (_stdout)
C:/Program Files/Microchip/xc32/v5.10/bin/bin/../../lib/gcc/pic32c/13.2.1/../../../../pic32c/lib/thumb/v8-m.base/nofp\libc-musl.a(puts.o)
                              build/default/production/_ext/1360937237/main.o (puts)
C:/Program Files/Microchip/xc32/v5.10/bin/bin/../../lib/gcc/pic32c/13.2.1/../../../../pic32c/lib/thumb/v8-m.base/nofp\libc-musl.a(setbuf.o)
                              build/default/production/_ext/1171490990/initialization.o (setbuf)
C:/Program Files/Microchip/xc32/v5.10/bin/bin/../../lib/gcc/pic32c/13.2.1/../../../../pic32c/lib/thumb/v8-m.base/nofp\libc-musl.a(atoi.o)
                              C:/Program Files/Microchip/xc32/v5.10/bin/bin/../../lib/gcc/pic32c/13.2.1/../../../../pic32c/lib/thumb/v8-m.base/nofp\libc-musl.a(__printf_core.o) (atoi)
C:/Program Files/Microchip/xc32/v5.10/bin/bin/../../lib/gcc/pic32c/13.2.1/../../../../pic32c/lib/thumb/v8-m.base/nofp\libc-musl.a(tolower.o)
                              C:/Program Files/Microchip/xc32/v5.10/bin/bin/../../lib/gcc/pic32c/13.2.1/../../../../pic32c/lib/thumb/v8-m.base/nofp\libc-musl.a(__printf_core.o) (tolower)
C:/Program Files/Microchip/xc32/v5.10/bin/bin/../../lib/gcc/pic32c/13.2.1/../../../../pic32c/lib/thumb/v8-m.base/nofp\libc-musl.a(__environ.o)
                              C:/Program Files/Microchip/xc32/v5.10/bin/bin/../../lib/gcc/pic32c/13.2.1/../../../../pic32c/lib/thumb/v8-m.base/nofp\libc-musl.a(__libc_start_main.o) (__environ)
C:/Program Files/Microchip/xc32/v5.10/bin/bin/../../lib/gcc/pic32c/13.2.1/../../../../pic32c/lib/thumb/v8-m.base/nofp\libc-musl.a(__errno_location.o)
[...]
Memory Configuration

Name             Origin             Length             Attributes
rom              0x00040000         0x00040000         xrl
ram              0x20008000         0x00008000         xw!r
config_00804000  0x00804000         0x00000004
config_00804004  0x00804004         0x00000004
config_00804008  0x00804008         0x00000004
config_0080400C  0x0080400c         0x00000004
config_00804010  0x00804010         0x00000004
config_00804014  0x00804014         0x00000004
config_00804018  0x00804018         0x00000004
config_0080401C  0x0080401c         0x00000004
config_00804020  0x00804020         0x00000004
*default*        0x00000000         0xffffffff

Linker script and memory map

LOAD C:/Program Files/Microchip/xc32/v5.10/bin/bin/../../lib/gcc/pic32c/13.2.1/thumb/v8-m.base/nofp/crti.o
LOAD C:/Program Files/Microchip/xc32/v5.10/bin/bin/../../lib/gcc/pic32c/13.2.1/thumb/v8-m.base/nofp/crtbegin.o
LOAD build/default/production/_ext/504274921/plib_sercom3_usart.o
LOAD build/default/production/_ext/1360937237/main.o
LOAD build/default/production/_ext/1171490990/initialization.o
LOAD build/default/production/_ext/1171490990/interrupts.o
LOAD build/default/production/_ext/1171490990/exceptions.o
LOAD build/default/production/_ext/163028504/xc32_monitor.o
LOAD build/default/production/_ext/1865521619/plib_port.o
LOAD build/default/production/_ext/1865468468/plib_nvic.o
LOAD build/default/production/_ext/1827571544/plib_systick.o
LOAD build/default/production/_ext/1171490990/startup_xc32.o
LOAD build/default/production/_ext/1171490990/libc_syscalls.o
LOAD build/default/production/_ext/1865161661/plib_dmac.o
LOAD build/default/production/_ext/60163342/plib_adc.o
LOAD build/default/production/_ext/60181570/plib_tcc0.o
LOAD build/default/production/_ext/60167341/plib_eic.o
                0x00000001                        __MPLAB_BUILD = 0x1
                0x00080000                        __rom_end = (ORIGIN (rom) + LENGTH (rom))
                0x20010000                        __ram_end = (ORIGIN (ram) + LENGTH (ram))

.config_00804000
 *(.config_00804000)

.config_00804004
 *(.config_00804004)

.config_00804008
 *(.config_00804008)

.config_0080400C
 *(.config_0080400C)

.config_00804010
 *(.config_00804010)

.config_00804014
 *(.config_00804014)

.config_00804018
 *(.config_00804018)

.config_0080401C
 *(.config_0080401C)

.config_00804020
 *(.config_00804020)

.vectors        0x00040000      0x15c
                0x00040000                        . = ALIGN (0x4)
                0x00040000                        _sfixed = .
 *(.vectors .vectors.* .vectors_default .vectors_default.*)
 .vectors       0x00040000      0x15c build/default/production/_ext/1171490990/interrupts.o
                0x00040000                exception_table
 *(.isr_vector)
 *(.reset*)
 *(.after_vectors)

.text           0x0004015c       0x20
                0x0004015c                        . = ALIGN (0x4)
 *(.glue_7t)
 .glue_7t       0x0004015c        0x0 linker stubs
 *(.glue_7)
 .glue_7        0x0004015c        0x0 linker stubs
 *veneer.o(.text.*)
 *nonsecure_entry.o(.text.*)
 *(.gnu.linkonce.r.*)
 *(.ARM.extab* .gnu.linkonce.armextab.*)
                0x0004015c                        . = ALIGN (0x4)
 *(.init)
 .init          0x0004015c        0x4 C:/Program Files/Microchip/xc32/v5.10/bin/bin/../../lib/gcc/pic32c/13.2.1/thumb/v8-m.base/nofp/crti.o
                0x0004015c                _init
 .init          0x00040160        0x8 C:/Program Files/Microchip/xc32/v5.10/bin/bin/../../lib/gcc/pic32c/13.2.1/thumb/v8-m.base/nofp/crtn.o
                0x00040168                        . = ALIGN (0x4)
                0x00040168                        __preinit_array_start = .
 *(.preinit_array)
                0x00040168                        __preinit_array_end = .
                0x00040168                        . = ALIGN (0x4)
                0x00040168                        __init_array_start = .
 *(SORT_BY_NAME(.init_array.*))
 *(.init_array)
 .init_array    0x00040168        0x4 C:/Program Files/Microchip/xc32/v5.10/bin/bin/../../lib/gcc/pic32c/13.2.1/thumb/v8-m.base/nofp/crtbegin.o
                0x0004016c                        __init_array_end = .
                0x0004016c                        . = ALIGN (0x4)
 *crtbegin.o(.ctors)
 *(EXCLUDE_FILE(*crtend.o) .ctors)
 *(SORT_BY_NAME(.ctors.*))
 *crtend.o(.ctors)
                0x0004016c                        . = ALIGN (0x4)
 *(.fini)
 .fini          0x0004016c        0x4 C:/Program Files/Microchip/xc32/v5.10/bin/bin/../../lib/gcc/pic32c/13.2.1/thumb/v8-m.base/nofp/crti.o
                0x0004016c                _fini
 .fini          0x00040170        0x8 C:/Program Files/Microchip/xc32/v5.10/bin/bin/../../lib/gcc/pic32c/13.2.1/thumb/v8-m.base/nofp/crtn.o
                0x00040178                        . = ALIGN (0x4)
                0x00040178                        __fini_array_start = .
 *(.fini_array)
 .fini_array    0x00040178        0x4 C:/Program Files/Microchip/xc32/v5.10/bin/bin/../../lib/gcc/pic32c/13.2.1/thumb/v8-m.base/nofp/crtbegin.o
 *(SORT_BY_NAME(.fini_array.*))
                0x0004017c                        __fini_array_end = .
 *crtbegin.o(.dtors)
 *(EXCLUDE_FILE(*crtend.o) .dtors)
 *(SORT_BY_NAME(.dtors.*))
 *crtend.o(.dtors)
                0x0004017c                        . = ALIGN (0x4)
                0x0004017c                        _efixed = .
                [!provide]                        PROVIDE (__exidx_start = .)

.ARM.exidx      0x0004017c        0x8
 *(.ARM.exidx* .gnu.linkonce.armexidx.*)
 .ARM.exidx     0x0004017c        0x8 C:/Program Files/Microchip/xc32/v5.10/bin/bin/../../lib/gcc/pic32c/13.2.1/thumb/v8-m.base/nofp\libgcc.a(_udivmoddi4.o)
                [!provide]                        PROVIDE (__exidx_end = .)
                0x00040184                        . = ALIGN (0x4)
                0x00040184                        _etext = .

.bss            0x20008000        0x0
                0x20008000                        . = ALIGN (0x4)
                0x20008000                        __bss_start__ = .
                0x20008000                        _sbss = .
                0x20008000                        _szero = .
 *(COMMON)
                0x20008000                        . = ALIGN (0x4)
                0x20008000                        __bss_end__ = .
                0x20008000                        _ebss = .
                0x20008000                        _ezero = .
                0x20008000                        . = ALIGN (0x4)
                0x20008000                        _end = .
                0x2000ffff                        _ram_end_ = ((ORIGIN (ram) + LENGTH (ram)) - 0x1)
                0x00000200                        _min_heap_size = 0x200
LOAD .\usart_print_secure_sg_veneer.lib
START GROUP
LOAD C:/Program Files/Microchip/xc32/v5.10/bin/bin/../../lib/gcc/pic32c/13.2.1/../../../../pic32c/lib/thumb/v8-m.base/nofp\libpic32c.a
LOAD C:/Program Files/Microchip/xc32/v5.10/bin/bin/../../lib/gcc/pic32c/13.2.1/../../../../pic32c/lib/thumb/v8-m.base/nofp\libc-size-musl.a
LOAD C:/Program Files/Microchip/xc32/v5.10/bin/bin/../../lib/gcc/pic32c/13.2.1/../../../../pic32c/lib/thumb/v8-m.base/nofp\liblmalloc-musl.a
LOAD C:/Program Files/Microchip/xc32/v5.10/bin/bin/../../lib/gcc/pic32c/13.2.1/../../../../pic32c/lib/thumb/v8-m.base/nofp\libc-musl.a
LOAD C:/Program Files/Microchip/xc32/v5.10/bin/bin/../../lib/gcc/pic32c/13.2.1/../../../../pic32c/lib/thumb/v8-m.base/nofp\libm-fast-emfloat.a
LOAD C:/Program Files/Microchip/xc32/v5.10/bin/bin/../../lib/gcc/pic32c/13.2.1/../../../../pic32c/lib/thumb/v8-m.base/nofp\libm-musl.a
END GROUP
LOAD C:/Program Files/Microchip/xc32/v5.10/bin/bin/../../lib/gcc/pic32c/13.2.1/thumb/v8-m.base/nofp\libgcc.a
LOAD C:/Program Files/Microchip/xc32/v5.10/bin/bin/../../lib/gcc/pic32c/13.2.1/thumb/v8-m.base/nofp/crtend.o
LOAD C:/Program Files/Microchip/xc32/v5.10/bin/bin/../../lib/gcc/pic32c/13.2.1/thumb/v8-m.base/nofp/crtn.o
OUTPUT(dist/default/production/usart_print.X.production.elf elf32-littlearm)
LOAD linker stubs
LOAD data_init

.note           0x00000000      0x810
 .note          0x00000000       0x18 C:/Program Files/Microchip/xc32/v5.10/bin/bin/../../lib/gcc/pic32c/13.2.1/thumb/v8-m.base/nofp/crti.o
 .note          0x00000018       0x18 C:/Program Files/Microchip/xc32/v5.10/bin/bin/../../lib/gcc/pic32c/13.2.1/thumb/v8-m.base/nofp/crtbegin.o
 .note          0x00000030       0x18 build/default/production/_ext/504274921/plib_sercom3_usart.o
 .note          0x00000048       0x18 build/default/production/_ext/1360937237/main.o
 .note          0x00000060       0x18 build/default/production/_ext/1171490990/initialization.o
 .note          0x00000078       0x18 build/default/production/_ext/1171490990/interrupts.o
 .note          0x00000090       0x18 build/default/production/_ext/1171490990/exceptions.o
 .note          0x000000a8       0x18 build/default/production/_ext/163028504/xc32_monitor.o
 .note          0x000000c0       0x18 build/default/production/_ext/1865521619/plib_port.o
 .note          0x000000d8       0x18 build/default/production/_ext/1865468468/plib_nvic.o
 .note          0x000000f0       0x18 build/default/production/_ext/1827571544/plib_systick.o
 .note          0x00000108       0x18 build/default/production/_ext/1171490990/startup_xc32.o
 .note          0x00000120       0x18 build/default/production/_ext/1171490990/libc_syscalls.o
 .note          0x00000138       0x18 build/default/production/_ext/1865161661/plib_dmac.o
 .note          0x00000150       0x18 build/default/production/_ext/60163342/plib_adc.o
 .note          0x00000168       0x18 build/default/production/_ext/60181570/plib_tcc0.o
 .note          0x00000180       0x18 build/default/production/_ext/60167341/plib_eic.o
 .note          0x00000198       0x18 C:/Program Files/Microchip/xc32/v5.10/bin/bin/../../lib/gcc/pic32c/13.2.1/../../../../pic32c/lib/thumb/v8-m.base/nofp\libpic32c.a(data_init.o)
 .note          0x000001b0       0x18 C:/Program Files/Microchip/xc32/v5.10/bin/bin/../../lib/gcc/pic32c/13.2.1/../../../../pic32c/lib/thumb/v8-m.base/nofp\libc-musl.a(__libc_start_main.o)
 .note          0x000001c8       0x18 C:/Program Files/Microchip/xc32/v5.10/bin/bin/../../lib/gcc/pic32c/13.2.1/../../../../pic32c/lib/thumb/v8-m.base/nofp\libc-musl.a(libc.o)
 .note          0x000001e0       0x18 C:/Program Files/Microchip/xc32/v5.10/bin/bin/../../lib/gcc/pic32c/13.2.1/../../../../pic32c/lib/thumb/v8-m.base/nofp\libc-musl.a(__sio_printf_dnu.o)
 .note          0x000001f8       0x18 C:/Program Files/Microchip/xc32/v5.10/bin/bin/../../lib/gcc/pic32c/13.2.1/../../../../pic32c/lib/thumb/v8-m.base/nofp\libc-musl.a(__fmt_d.o)
 .note          0x00000210       0x18 C:/Program Files/Microchip/xc32/v5.10/bin/bin/../../lib/gcc/pic32c/13.2.1/../../../../pic32c/lib/thumb/v8-m.base/nofp\libc-musl.a(__fmt_u.o)
 .note          0x00000228       0x18 C:/Program Files/Microchip/xc32/v5.10/bin/bin/../../lib/gcc/pic32c/13.2.1/../../../../pic32c/lib/thumb/v8-m.base/nofp\libc-musl.a(__pop_int.o)
 .note          0x00000240       0x18 C:/Program Files/Microchip/xc32/v5.10/bin/bin/../../lib/gcc/pic32c/13.2.1/../../../../pic32c/lib/thumb/v8-m.base/nofp\libc-musl.a(__pop_ptr.o)
 .note          0x00000258       0x18 C:/Program Files/Microchip/xc32/v5.10/bin/bin/../../lib/gcc/pic32c/13.2.1/../../../../pic32c/lib/thumb/v8-m.base/nofp\libc-musl.a(__printf_core.o)
 .note          0x00000270       0x18 C:/Program Files/Microchip/xc32/v5.10/bin/bin/../../lib/gcc/pic32c/13.2.1/../../../../pic32c/lib/thumb/v8-m.base/nofp\libc-musl.a(stdin.o)
 .note          0x00000288       0x18 C:/Program Files/Microchip/xc32/v5.10/bin/bin/../../lib/gcc/pic32c/13.2.1/../../../../pic32c/lib/thumb/v8-m.base/nofp\libc-musl.a(stdout.o)
 .note          0x000002a0       0x18 C:/Program Files/Microchip/xc32/v5.10/bin/bin/../../lib/gcc/pic32c/13.2.1/../../../../pic32c/lib/thumb/v8-m.base/nofp\libc-musl.a(puts.o)
 .note          0x000002b8       0x18 C:/Program Files/Microchip/xc32/v5.10/bin/bin/../../lib/gcc/pic32c/13.2.1/../../../../pic32c/lib/thumb/v8-m.base/nofp\libc-musl.a(setbuf.o)
 .note          0x000002d0       0x18 C:/Program Files/Microchip/xc32/v5.10/bin/bin/../../lib/gcc/pic32c/13.2.1/../../../../pic32c/lib/thumb/v8-m.base/nofp\libc-musl.a(atoi.o)
 .note          0x000002e8       0x18 C:/Program Files/Microchip/xc32/v5.10/bin/bin/../../lib/gcc/pic32c/13.2.1/../../../../pic32c/lib/thumb/v8-m.base/nofp\libc-musl.a(tolower.o)
 .note          0x00000300       0x18 C:/Program Files/Microchip/xc32/v5.10/bin/bin/../../lib/gcc/pic32c/13.2.1/../../../../pic32c/lib/thumb/v8-m.base/nofp\libc-musl.a(__environ.o)
 .note          0x00000318       0x18 C:/Program Files/Microchip/xc32/v5.10/bin/bin/../../lib/gcc/pic32c/13.2.1/../../../../pic32c/lib/thumb/v8-m.base/nofp\libc-musl.a(__errno_location.o)
 .note          0x00000330       0x18 C:/Program Files/Microchip/xc32/v5.10/bin/bin/../../lib/gcc/pic32c/13.2.1/../../../../pic32c/lib/thumb/v8-m.base/nofp\libc-musl.a(__int_vfprintf.o)
 .note          0x00000348       0x18 C:/Program Files/Microchip/xc32/v5.10/bin/bin/../../lib/gcc/pic32c/13.2.1/../../../../pic32c/lib/thumb/v8-m.base/nofp\libc-musl.a(fputs.o)
 .note          0x00000360       0x18 C:/Program Files/Microchip/xc32/v5.10/bin/bin/../../lib/gcc/pic32c/13.2.1/../../../../pic32c/lib/thumb/v8-m.base/nofp\libc-musl.a(__cvt_u.o)
 .note          0x00000378       0x18 C:/Program Files/Microchip/xc32/v5.10/bin/bin/../../lib/gcc/pic32c/13.2.1/../../../../pic32c/lib/thumb/v8-m.base/nofp\libc-musl.a(__io_init_needed.o)
 .note          0x00000390       0x18 C:/Program Files/Microchip/xc32/v5.10/bin/bin/../../lib/gcc/pic32c/13.2.1/../../../../pic32c/lib/thumb/v8-m.base/nofp\libc-musl.a(__io_rw_needed.o)
 .note          0x000003a8       0x18 C:/Program Files/Microchip/xc32/v5.10/bin/bin/../../lib/gcc/pic32c/13.2.1/../../../../pic32c/lib/thumb/v8-m.base/nofp\libc-musl.a(__pop_float.o)
 .note          0x000003c0       0x18 C:/Program Files/Microchip/xc32/v5.10/bin/bin/../../lib/gcc/pic32c/13.2.1/../../../../pic32c/lib/thumb/v8-m.base/nofp\libc-musl.a(__stdio_read.o)
 .note          0x000003d8       0x18 C:/Program Files/Microchip/xc32/v5.10/bin/bin/../../lib/gcc/pic32c/13.2.1/../../../../pic32c/lib/thumb/v8-m.base/nofp\libc-musl.a(__towrite_rw.o)
 .note          0x000003f0       0x18 C:/Program Files/Microchip/xc32/v5.10/bin/bin/../../lib/gcc/pic32c/13.2.1/../../../../pic32c/lib/thumb/v8-m.base/nofp\libc-musl.a(fwrite.o)
 .note          0x00000408       0x18 C:/Program Files/Microchip/xc32/v5.10/bin/bin/../../lib/gcc/pic32c/13.2.1/../../../../pic32c/lib/thumb/v8-m.base/nofp\libc-musl.a(putc.o)
 .note          0x00000420       0x18 C:/Program Files/Microchip/xc32/v5.10/bin/bin/../../lib/gcc/pic32c/13.2.1/../../../../pic32c/lib/thumb/v8-m.base/nofp\libc-musl.a(setvbuf.o)
 .note          0x00000438       0x18 C:/Program Files/Microchip/xc32/v5.10/bin/bin/../../lib/gcc/pic32c/13.2.1/../../../../pic32c/lib/thumb/v8-m.base/nofp\libc-musl.a(readv.o)
 .note          0x00000450       0x18 C:/Program Files/Microchip/xc32/v5.10/bin/bin/../../lib/gcc/pic32c/13.2.1/../../../../pic32c/lib/thumb/v8-m.base/nofp\libc-musl.a(__fopen_rw.o)
 .note          0x00000468       0x18 C:/Program Files/Microchip/xc32/v5.10/bin/bin/../../lib/gcc/pic32c/13.2.1/../../../../pic32c/lib/thumb/v8-m.base/nofp\libc-musl.a(__ftello_rw.o)
 .note          0x00000480       0x18 C:/Program Files/Microchip/xc32/v5.10/bin/bin/../../lib/gcc/pic32c/13.2.1/../../../../pic32c/lib/thumb/v8-m.base/nofp\libc-musl.a(__init_stdio.o)
 .note          0x00000498       0x18 C:/Program Files/Microchip/xc32/v5.10/bin/bin/../../lib/gcc/pic32c/13.2.1/../../../../pic32c/lib/thumb/v8-m.base/nofp\libc-musl.a(__io_buf_needed.o)
 .note          0x000004b0       0x18 C:/Program Files/Microchip/xc32/v5.10/bin/bin/../../lib/gcc/pic32c/13.2.1/../../../../pic32c/lib/thumb/v8-m.base/nofp\libc-musl.a(__io_file_needed.o)
 .note          0x000004c8       0x18 C:/Program Files/Microchip/xc32/v5.10/bin/bin/../../lib/gcc/pic32c/13.2.1/../../../../pic32c/lib/thumb/v8-m.base/nofp\libc-musl.a(__io_std_needed.o)
 .note          0x000004e0       0x18 C:/Program Files/Microchip/xc32/v5.10/bin/bin/../../lib/gcc/pic32c/13.2.1/../../../../pic32c/lib/thumb/v8-m.base/nofp\libc-musl.a(__out.o)
 .note          0x000004f8       0x18 C:/Program Files/Microchip/xc32/v5.10/bin/bin/../../lib/gcc/pic32c/13.2.1/../../../../pic32c/lib/thumb/v8-m.base/nofp\libc-musl.a(__putc.o)
 .note          0x00000510       0x18 C:/Program Files/Microchip/xc32/v5.10/bin/bin/../../lib/gcc/pic32c/13.2.1/../../../../pic32c/lib/thumb/v8-m.base/nofp\libc-musl.a(__stderr.o)
 .note          0x00000528       0x18 C:/Program Files/Microchip/xc32/v5.10/bin/bin/../../lib/gcc/pic32c/13.2.1/../../../../pic32c/lib/thumb/v8-m.base/nofp\libc-musl.a(__stdio_close.o)
 .note          0x00000540       0x18 C:/Program Files/Microchip/xc32/v5.10/bin/bin/../../lib/gcc/pic32c/13.2.1/../../../../pic32c/lib/thumb/v8-m.base/nofp\libc-musl.a(__stdio_exit.o)
 .note          0x00000558       0x18 C:/Program Files/Microchip/xc32/v5.10/bin/bin/../../lib/gcc/pic32c/13.2.1/../../../../pic32c/lib/thumb/v8-m.base/nofp\libc-musl.a(__stdio_write.o)
 .note          0x00000570       0x18 C:/Program Files/Microchip/xc32/v5.10/bin/bin/../../lib/gcc/pic32c/13.2.1/../../../../pic32c/lib/thumb/v8-m.base/nofp\libc-musl.a(__stdout.o)
 .note          0x00000588       0x18 C:/Program Files/Microchip/xc32/v5.10/bin/bin/../../lib/gcc/pic32c/13.2.1/../../../../pic32c/lib/thumb/v8-m.base/nofp\libc-musl.a(__towrite.o)
 .note          0x000005a0       0x18 C:/Program Files/Microchip/xc32/v5.10/bin/bin/../../lib/gcc/pic32c/13.2.1/../../../../pic32c/lib/thumb/v8-m.base/nofp\libc-musl.a(writev.o)
 .note          0x000005b8       0x18 C:/Program Files/Microchip/xc32/v5.10/bin/bin/../../lib/gcc/pic32c/13.2.1/../../../../pic32c/lib/thumb/v8-m.base/nofp\libc-musl.a(__overflow.o)
 .note          0x000005d0       0x18 C:/Program Files/Microchip/xc32/v5.10/bin/bin/../../lib/gcc/pic32c/13.2.1/../../../../pic32c/lib/thumb/v8-m.base/nofp\libc-musl.a(__fclose.o)
 .note          0x000005e8       0x18 C:/Program Files/Microchip/xc32/v5.10/bin/bin/../../lib/gcc/pic32c/13.2.1/../../../../pic32c/lib/thumb/v8-m.base/nofp\libc-musl.a(__fopen.o)
 .note          0x00000600       0x18 C:/Program Files/Microchip/xc32/v5.10/bin/bin/../../lib/gcc/pic32c/13.2.1/../../../../pic32c/lib/thumb/v8-m.base/nofp\libc-musl.a(__fseeko.o)
 .note          0x00000618       0x18 C:/Program Files/Microchip/xc32/v5.10/bin/bin/../../lib/gcc/pic32c/13.2.1/../../../../pic32c/lib/thumb/v8-m.base/nofp\libc-musl.a(__ftello.o)
 .note          0x00000630       0x18 C:/Program Files/Microchip/xc32/v5.10/bin/bin/../../lib/gcc/pic32c/13.2.1/../../../../pic32c/lib/thumb/v8-m.base/nofp\libc-musl.a(__fwrite.o)
 .note          0x00000648       0x18 C:/Program Files/Microchip/xc32/v5.10/bin/bin/../../lib/gcc/pic32c/13.2.1/../../../../pic32c/lib/thumb/v8-m.base/nofp\libpic32c.a(close.o)
 .note          0x00000660       0x18 C:/Program Files/Microchip/xc32/v5.10/bin/bin/../../lib/gcc/pic32c/13.2.1/../../../../pic32c/lib/thumb/v8-m.base/nofp\libpic32c.a(lseek.o)
 .note          0x00000678       0x18 C:/Program Files/Microchip/xc32/v5.10/bin/bin/../../lib/gcc/pic32c/13.2.1/../../../../pic32c/lib/thumb/v8-m.base/nofp\libc-size-musl.a(memcpy.o)
 .note          0x00000690       0x18 C:/Program Files/Microchip/xc32/v5.10/bin/bin/../../lib/gcc/pic32c/13.2.1/../../../../pic32c/lib/thumb/v8-m.base/nofp\libc-size-musl.a(memset.o)
 .note          0x000006a8       0x18 C:/Program Files/Microchip/xc32/v5.10/bin/bin/../../lib/gcc/pic32c/13.2.1/../../../../pic32c/lib/thumb/v8-m.base/nofp\libc-size-musl.a(strlen.o)
 .note          0x000006c0       0x18 C:/Program Files/Microchip/xc32/v5.10/bin/bin/../../lib/gcc/pic32c/13.2.1/../../../../pic32c/lib/thumb/v8-m.base/nofp\liblmalloc-musl.a(lite_malloc.o)
 .note          0x000006d8       0x18 C:/Program Files/Microchip/xc32/v5.10/bin/bin/../../lib/gcc/pic32c/13.2.1/../../../../pic32c/lib/thumb/v8-m.base/nofp\liblmalloc-musl.a(lite_free.o)
 .note          0x000006f0       0x18 C:/Program Files/Microchip/xc32/v5.10/bin/bin/../../lib/gcc/pic32c/13.2.1/../../../../pic32c/lib/thumb/v8-m.base/nofp\libc-musl.a(expand_heap.o)
 .note          0x00000708       0x18 C:/Program Files/Microchip/xc32/v5.10/bin/bin/../../lib/gcc/pic32c/13.2.1/../../../../pic32c/lib/thumb/v8-m.base/nofp\libpic32c.a(sbrk.o)
 .note          0x00000720       0x18 C:/Program Files/Microchip/xc32/v5.10/bin/bin/../../lib/gcc/pic32c/13.2.1/thumb/v8-m.base/nofp\libgcc.a(_thumb1_case_uqi.o)
 .note          0x00000738       0x18 C:/Program Files/Microchip/xc32/v5.10/bin/bin/../../lib/gcc/pic32c/13.2.1/thumb/v8-m.base/nofp\libgcc.a(_aeabi_uldivmod.o)
 .note          0x00000750       0x18 C:/Program Files/Microchip/xc32/v5.10/bin/bin/../../lib/gcc/pic32c/13.2.1/thumb/v8-m.base/nofp\libgcc.a(_muldi3.o)
 .note          0x00000768       0x18 C:/Program Files/Microchip/xc32/v5.10/bin/bin/../../lib/gcc/pic32c/13.2.1/thumb/v8-m.base/nofp\libgcc.a(_udivmoddi4.o)
 .note          0x00000780       0x18 C:/Program Files/Microchip/xc32/v5.10/bin/bin/../../lib/gcc/pic32c/13.2.1/thumb/v8-m.base/nofp\libgcc.a(_dvmd_tls.o)
 .note          0x00000798       0x18 C:/Program Files/Microchip/xc32/v5.10/bin/bin/../../lib/gcc/pic32c/13.2.1/thumb/v8-m.base/nofp\libgcc.a(_clzsi2.o)
 .note          0x000007b0       0x18 C:/Program Files/Microchip/xc32/v5.10/bin/bin/../../lib/gcc/pic32c/13.2.1/thumb/v8-m.base/nofp/crtend.o
 .note          0x000007c8       0x18 C:/Program Files/Microchip/xc32/v5.10/bin/bin/../../lib/gcc/pic32c/13.2.1/thumb/v8-m.base/nofp/crtn.o
 .note          0x000007e0       0x18 C:/Program Files/Microchip/xc32/v5.10/bin/bin/../../lib/gcc/pic32c/13.2.1/../../../../pic32c/lib/thumb/v8-m.base/nofp\libpic32c.a(pic32_data_init_clear.o)
 .note          0x000007f8       0x18 C:/Program Files/Microchip/xc32/v5.10/bin/bin/../../lib/gcc/pic32c/13.2.1/../../../../pic32c/lib/thumb/v8-m.base/nofp\libpic32c.a(pic32_data_init_copy.o)

.ARM.attributes
                0x00000000       0x30
 .ARM.attributes
                0x00000000       0x22 C:/Program Files/Microchip/xc32/v5.10/bin/bin/../../lib/gcc/pic32c/13.2.1/thumb/v8-m.base/nofp/crti.o
 .ARM.attributes
                0x00000022       0x30 C:/Program Files/Microchip/xc32/v5.10/bin/bin/../../lib/gcc/pic32c/13.2.1/thumb/v8-m.base/nofp/crtbegin.o
 .ARM.attributes
                0x00000052       0x30 build/default/production/_ext/504274921/plib_sercom3_usart.o
 .ARM.attributes
                0x00000082       0x30 build/default/production/_ext/1360937237/main.o
 .ARM.attributes
                0x000000b2       0x30 build/default/production/_ext/1171490990/initialization.o
 .ARM.attributes
                0x000000e2       0x30 build/default/production/_ext/1171490990/interrupts.o
 .ARM.attributes
                0x00000112       0x30 build/default/production/_ext/1171490990/exceptions.o
 .ARM.attributes
                0x00000142       0x30 build/default/production/_ext/163028504/xc32_monitor.o
 .ARM.attributes
                0x00000172       0x30 build/default/production/_ext/1865468468/plib_nvic.o
 .ARM.attributes
                0x000001a2       0x30 build/default/production/_ext/1827571544/plib_systick.o
 .ARM.attributes
                0x000001d2       0x30 build/default/production/_ext/1171490990/startup_xc32.o
 .ARM.attributes
                0x00000202       0x30 build/default/production/_ext/1865161661/plib_dmac.o
 .ARM.attributes
                0x00000232       0x30 build/default/production/_ext/60163342/plib_adc.o
 .ARM.attributes
                0x00000262       0x30 build/default/production/_ext/60181570/plib_tcc0.o
 .ARM.attributes
                0x00000292       0x30 build/default/production/_ext/60167341/plib_eic.o
 .ARM.attributes
                0x000002c2       0x30 C:/Program Files/Microchip/xc32/v5.10/bin/bin/../../lib/gcc/pic32c/13.2.1/../../../../pic32c/lib/thumb/v8-m.base/nofp\libpic32c.a(data_init.o)
 .ARM.attributes
                0x000002f2       0x32 C:/Program Files/Microchip/xc32/v5.10/bin/bin/../../lib/gcc/pic32c/13.2.1/../../../../pic32c/lib/thumb/v8-m.base/nofp\libc-musl.a(__libc_start_main.o)
 .ARM.attributes
                0x00000324       0x32 C:/Program Files/Microchip/xc32/v5.10/bin/bin/../../lib/gcc/pic32c/13.2.1/../../../../pic32c/lib/thumb/v8-m.base/nofp\libc-musl.a(libc.o)
 .ARM.attributes
                0x00000356       0x32 C:/Program Files/Microchip/xc32/v5.10/bin/bin/../../lib/gcc/pic32c/13.2.1/../../../../pic32c/lib/thumb/v8-m.base/nofp\libc-musl.a(__sio_printf_dnu.o)
 .ARM.attributes
                0x00000388       0x32 C:/Program Files/Microchip/xc32/v5.10/bin/bin/../../lib/gcc/pic32c/13.2.1/../../../../pic32c/lib/thumb/v8-m.base/nofp\libc-musl.a(__fmt_d.o)
 .ARM.attributes
                0x000003ba       0x32 C:/Program Files/Microchip/xc32/v5.10/bin/bin/../../lib/gcc/pic32c/13.2.1/../../../../pic32c/lib/thumb/v8-m.base/nofp\libc-musl.a(__fmt_u.o)
 .ARM.attributes
                0x000003ec       0x32 C:/Program Files/Microchip/xc32/v5.10/bin/bin/../../lib/gcc/pic32c/13.2.1/../../../../pic32c/lib/thumb/v8-m.base/nofp\libc-musl.a(__pop_int.o)
 .ARM.attributes
                0x0000041e       0x32 C:/Program Files/Microchip/xc32/v5.10/bin/bin/../../lib/gcc/pic32c/13.2.1/../../../../pic32c/lib/thumb/v8-m.base/nofp\libc-musl.a(__pop_ptr.o)
 .ARM.attributes
                0x00000450       0x32 C:/Program Files/Microchip/xc32/v5.10/bin/bin/../../lib/gcc/pic32c/13.2.1/../../../../pic32c/lib/thumb/v8-m.base/nofp\libc-musl.a(__printf_core.o)
 .ARM.attributes
                0x00000482       0x32 C:/Program Files/Microchip/xc32/v5.10/bin/bin/../../lib/gcc/pic32c/13.2.1/../../../../pic32c/lib/thumb/v8-m.base/nofp\libc-musl.a(stdin.o)
 .ARM.attributes
                0x000004b4       0x32 C:/Program Files/Microchip/xc32/v5.10/bin/bin/../../lib/gcc/pic32c/13.2.1/../../../../pic32c/lib/thumb/v8-m.base/nofp\libc-musl.a(stdout.o)
 .ARM.attributes
                0x000004e6       0x32 C:/Program Files/Microchip/xc32/v5.10/bin/bin/../../lib/gcc/pic32c/13.2.1/../../../../pic32c/lib/thumb/v8-m.base/nofp\libc-musl.a(puts.o)
 .ARM.attributes
                0x00000518       0x32 C:/Program Files/Microchip/xc32/v5.10/bin/bin/../../lib/gcc/pic32c/13.2.1/../../../../pic32c/lib/thumb/v8-m.base/nofp\libc-musl.a(setbuf.o)
 .ARM.attributes
                0x0000054a       0x32 C:/Program Files/Microchip/xc32/v5.10/bin/bin/../../lib/gcc/pic32c/13.2.1/../../../../pic32c/lib/thumb/v8-m.base/nofp\libc-musl.a(atoi.o)
 .ARM.attributes
                0x0000057c       0x32 C:/Program Files/Microchip/xc32/v5.10/bin/bin/../../lib/gcc/pic32c/13.2.1/../../../../pic32c/lib/thumb/v8-m.base/nofp\libc-musl.a(tolower.o)
 .ARM.attributes
                0x000005ae       0x32 C:/Program Files/Microchip/xc32/v5.10/bin/bin/../../lib/gcc/pic32c/13.2.1/../../../../pic32c/lib/thumb/v8-m.base/nofp\libc-musl.a(__environ.o)
 .ARM.attributes
                0x000005e0       0x32 C:/Program Files/Microchip/xc32/v5.10/bin/bin/../../lib/gcc/pic32c/13.2.1/../../../../pic32c/lib/thumb/v8-m.base/nofp\libc-musl.a(__errno_location.o)
 .ARM.attributes
                0x00000612       0x32 C:/Program Files/Microchip/xc32/v5.10/bin/bin/../../lib/gcc/pic32c/13.2.1/../../../../pic32c/lib/thumb/v8-m.base/nofp\libc-musl.a(__int_vfprintf.o)
 .ARM.attributes
                0x00000644       0x32 C:/Program Files/Microchip/xc32/v5.10/bin/bin/../../lib/gcc/pic32c/13.2.1/../../../../pic32c/lib/thumb/v8-m.base/nofp\libc-musl.a(fputs.o)
 .ARM.attributes
                0x00000676       0x32 C:/Program Files/Microchip/xc32/v5.10/bin/bin/../../lib/gcc/pic32c/13.2.1/../../../../pic32c/lib/thumb/v8-m.base/nofp\libc-musl.a(__cvt_u.o)
 .ARM.attributes
                0x000006a8       0x32 C:/Program Files/Microchip/xc32/v5.10/bin/bin/../../lib/gcc/pic32c/13.2.1/../../../../pic32c/lib/thumb/v8-m.base/nofp\libc-musl.a(__pop_float.o)
 .ARM.attributes
                0x000006da       0x32 C:/Program Files/Microchip/xc32/v5.10/bin/bin/../../lib/gcc/pic32c/13.2.1/../../../../pic32c/lib/thumb/v8-m.base/nofp\libc-musl.a(__stdio_read.o)
 .ARM.attributes
                0x0000070c       0x32 C:/Program Files/Microchip/xc32/v5.10/bin/bin/../../lib/gcc/pic32c/13.2.1/../../../../pic32c/lib/thumb/v8-m.base/nofp\libc-musl.a(__towrite_rw.o)
 .ARM.attributes
                0x0000073e       0x32 C:/Program Files/Microchip/xc32/v5.10/bin/bin/../../lib/gcc/pic32c/13.2.1/../../../../pic32c/lib/thumb/v8-m.base/nofp\libc-musl.a(fwrite.o)
 .ARM.attributes
                0x00000770       0x32 C:/Program Files/Microchip/xc32/v5.10/bin/bin/../../lib/gcc/pic32c/13.2.1/../../../../pic32c/lib/thumb/v8-m.base/nofp\libc-musl.a(putc.o)
 .ARM.attributes
                0x000007a2       0x32 C:/Program Files/Microchip/xc32/v5.10/bin/bin/../../lib/gcc/pic32c/13.2.1/../../../../pic32c/lib/thumb/v8-m.base/nofp\libc-musl.a(setvbuf.o)
 .ARM.attributes
                0x000007d4       0x32 C:/Program Files/Microchip/xc32/v5.10/bin/bin/../../lib/gcc/pic32c/13.2.1/../../../../pic32c/lib/thumb/v8-m.base/nofp\libc-musl.a(readv.o)
 .ARM.attributes
                0x00000806       0x32 C:/Program Files/Microchip/xc32/v5.10/bin/bin/../../lib/gcc/pic32c/13.2.1/../../../../pic32c/lib/thumb/v8-m.base/nofp\libc-musl.a(__init_stdio.o)
 .ARM.attributes
                0x00000838       0x32 C:/Program Files/Microchip/xc32/v5.10/bin/bin/../../lib/gcc/pic32c/13.2.1/../../../../pic32c/lib/thumb/v8-m.base/nofp\libc-musl.a(__out.o)
 .ARM.attributes
                0x0000086a       0x32 C:/Program Files/Microchip/xc32/v5.10/bin/bin/../../lib/gcc/pic32c/13.2.1/../../../../pic32c/lib/thumb/v8-m.base/nofp\libc-musl.a(__putc.o)
 .ARM.attributes
                0x0000089c       0x32 C:/Program Files/Microchip/xc32/v5.10/bin/bin/../../lib/gcc/pic32c/13.2.1/../../../../pic32c/lib/thumb/v8-m.base/nofp\libc-musl.a(__stderr.o)
 .ARM.attributes
                0x000008ce       0x32 C:/Program Files/Microchip/xc32/v5.10/bin/bin/../../lib/gcc/pic32c/13.2.1/../../../../pic32c/lib/thumb/v8-m.base/nofp\libc-musl.a(__stdio_close.o)
 .ARM.attributes
                0x00000900       0x32 C:/Program Files/Microchip/xc32/v5.10/bin/bin/../../lib/gcc/pic32c/13.2.1/../../../../pic32c/lib/thumb/v8-m.base/nofp\libc-musl.a(__stdio_write.o)
 .ARM.attributes
                0x00000932       0x32 C:/Program Files/Microchip/xc32/v5.10/bin/bin/../../lib/gcc/pic32c/13.2.1/../../../../pic32c/lib/thumb/v8-m.base/nofp\libc-musl.a(__stdout.o)
 .ARM.attributes
                0x00000964       0x32 C:/Program Files/Microchip/xc32/v5.10/bin/bin/../../lib/gcc/pic32c/13.2.1/../../../../pic32c/lib/thumb/v8-m.base/nofp\libc-musl.a(__towrite.o)
 .ARM.attributes
                0x00000996       0x32 C:/Program Files/Microchip/xc32/v5.10/bin/bin/../../lib/gcc/pic32c/13.2.1/../../../../pic32c/lib/thumb/v8-m.base/nofp\libc-musl.a(writev.o)
 .ARM.attributes
                0x000009c8       0x32 C:/Program Files/Microchip/xc32/v5.10/bin/bin/../../lib/gcc/pic32c/13.2.1/../../../../pic32c/lib/thumb/v8-m.base/nofp\libc-musl.a(__overflow.o)
 .ARM.attributes
                0x000009fa       0x32 C:/Program Files/Microchip/xc32/v5.10/bin/bin/../../lib/gcc/pic32c/13.2.1/../../../../pic32c/lib/thumb/v8-m.base/nofp\libc-musl.a(__fwrite.o)
 .ARM.attributes
                0x00000a2c       0x30 C:/Program Files/Microchip/xc32/v5.10/bin/bin/../../lib/gcc/pic32c/13.2.1/../../../../pic32c/lib/thumb/v8-m.base/nofp\libpic32c.a(close.o)
 .ARM.attributes
                0x00000a5c       0x30 C:/Program Files/Microchip/xc32/v5.10/bin/bin/../../lib/gcc/pic32c/13.2.1/../../../../pic32c/lib/thumb/v8-m.base/nofp\libpic32c.a(lseek.o)
 .ARM.attributes
                0x00000a8c       0x32 C:/Program Files/Microchip/xc32/v5.10/bin/bin/../../lib/gcc/pic32c/13.2.1/../../../../pic32c/lib/thumb/v8-m.base/nofp\libc-size-musl.a(memcpy.o)
 .ARM.attributes
                0x00000abe       0x32 C:/Program Files/Microchip/xc32/v5.10/bin/bin/../../lib/gcc/pic32c/13.2.1/../../../../pic32c/lib/thumb/v8-m.base/nofp\libc-size-musl.a(memset.o)
 .ARM.attributes
                0x00000af0       0x32 C:/Program Files/Microchip/xc32/v5.10/bin/bin/../../lib/gcc/pic32c/13.2.1/../../../../pic32c/lib/thumb/v8-m.base/nofp\libc-size-musl.a(strlen.o)
 .ARM.attributes
                0x00000b22       0x32 C:/Program Files/Microchip/xc32/v5.10/bin/bin/../../lib/gcc/pic32c/13.2.1/../../../../pic32c/lib/thumb/v8-m.base/nofp\liblmalloc-musl.a(lite_malloc.o)
 .ARM.attributes
                0x00000b54       0x32 C:/Program Files/Microchip/xc32/v5.10/bin/bin/../../lib/gcc/pic32c/13.2.1/../../../../pic32c/lib/thumb/v8-m.base/nofp\liblmalloc-musl.a(lite_free.o)
 .ARM.attributes
                0x00000b86       0x32 C:/Program Files/Microchip/xc32/v5.10/bin/bin/../../lib/gcc/pic32c/13.2.1/../../../../pic32c/lib/thumb/v8-m.base/nofp\libc-musl.a(expand_heap.o)
 .ARM.attributes
                0x00000bb8       0x30 C:/Program Files/Microchip/xc32/v5.10/bin/bin/../../lib/gcc/pic32c/13.2.1/../../../../pic32c/lib/thumb/v8-m.base/nofp\libpic32c.a(sbrk.o)
 .ARM.attributes
                0x00000be8       0x22 C:/Program Files/Microchip/xc32/v5.10/bin/bin/../../lib/gcc/pic32c/13.2.1/thumb/v8-m.base/nofp\libgcc.a(_thumb1_case_uqi.o)
 .ARM.attributes
                0x00000c0a       0x22 C:/Program Files/Microchip/xc32/v5.10/bin/bin/../../lib/gcc/pic32c/13.2.1/thumb/v8-m.base/nofp\libgcc.a(_aeabi_uldivmod.o)
 .ARM.attributes
                0x00000c2c       0x30 C:/Program Files/Microchip/xc32/v5.10/bin/bin/../../lib/gcc/pic32c/13.2.1/thumb/v8-m.base/nofp\libgcc.a(_udivmoddi4.o)
 .ARM.attributes
                0x00000c5c       0x22 C:/Program Files/Microchip/xc32/v5.10/bin/bin/../../lib/gcc/pic32c/13.2.1/thumb/v8-m.base/nofp\libgcc.a(_dvmd_tls.o)
 .ARM.attributes
                0x00000c7e       0x22 C:/Program Files/Microchip/xc32/v5.10/bin/bin/../../lib/gcc/pic32c/13.2.1/thumb/v8-m.base/nofp\libgcc.a(_clzsi2.o)
 .ARM.attributes
                0x00000ca0       0x22 C:/Program Files/Microchip/xc32/v5.10/bin/bin/../../lib/gcc/pic32c/13.2.1/thumb/v8-m.base/nofp/crtn.o
 .ARM.attributes
                0x00000cc2       0x30 C:/Program Files/Microchip/xc32/v5.10/bin/bin/../../lib/gcc/pic32c/13.2.1/../../../../pic32c/lib/thumb/v8-m.base/nofp\libpic32c.a(pic32_data_init_clear.o)
 .ARM.attributes
                0x00000cf2       0x30 C:/Program Files/Microchip/xc32/v5.10/bin/bin/../../lib/gcc/pic32c/13.2.1/../../../../pic32c/lib/thumb/v8-m.base/nofp\libpic32c.a(pic32_data_init_copy.o)

.comment        0x00000000       0x35
 .comment       0x00000000       0x35 C:/Program Files/Microchip/xc32/v5.10/bin/bin/../../lib/gcc/pic32c/13.2.1/thumb/v8-m.base/nofp/crtbegin.o
                                 0x36 (size before relaxing)
 .comment       0x00000035       0x36 build/default/production/_ext/504274921/plib_sercom3_usart.o
 .comment       0x00000035       0x36 build/default/production/_ext/1360937237/main.o
 .comment       0x00000035       0x36 build/default/production/_ext/1171490990/initialization.o
 .comment       0x00000035       0x36 build/default/production/_ext/1171490990/interrupts.o
 .comment       0x00000035       0x36 build/default/production/_ext/1171490990/exceptions.o
 .comment       0x00000035       0x36 build/default/production/_ext/163028504/xc32_monitor.o
 .comment       0x00000035       0x36 build/default/production/_ext/1865468468/plib_nvic.o
 .comment       0x00000035       0x36 build/default/production/_ext/1827571544/plib_systick.o
 .comment       0x00000035       0x36 build/default/production/_ext/1171490990/startup_xc32.o
 .comment       0x00000035       0x36 build/default/production/_ext/1865161661/plib_dmac.o
 .comment       0x00000035       0x36 build/default/production/_ext/60163342/plib_adc.o
 .comment       0x00000035       0x36 build/default/production/_ext/60181570/plib_tcc0.o
 .comment       0x00000035       0x36 build/default/production/_ext/60167341/plib_eic.o
 .comment       0x00000035       0x36 C:/Program Files/Microchip/xc32/v5.10/bin/bin/../../lib/gcc/pic32c/13.2.1/../../../../pic32c/lib/thumb/v8-m.base/nofp\libpic32c.a(data_init.o)
 .comment       0x00000035       0x36 C:/Program Files/Microchip/xc32/v5.10/bin/bin/../../lib/gcc/pic32c/13.2.1/../../../../pic32c/lib/thumb/v8-m.base/nofp\libc-musl.a(__libc_start_main.o)
 .comment       0x00000035       0x36 C:/Program Files/Microchip/xc32/v5.10/bin/bin/../../lib/gcc/pic32c/13.2.1/../../../../pic32c/lib/thumb/v8-m.base/nofp\libc-musl.a(libc.o)
 .comment       0x00000035       0x36 C:/Program Files/Microchip/xc32/v5.10/bin/bin/../../lib/gcc/pic32c/13.2.1/../../../../pic32c/lib/thumb/v8-m.base/nofp\libc-musl.a(__sio_printf_dnu.o)
 .comment       0x00000035       0x36 C:/Program Files/Microchip/xc32/v5.10/bin/bin/../../lib/gcc/pic32c/13.2.1/../../../../pic32c/lib/thumb/v8-m.base/nofp\libc-musl.a(__fmt_d.o)
 .comment       0x00000035       0x36 C:/Program Files/Microchip/xc32/v5.10/bin/bin/../../lib/gcc/pic32c/13.2.1/../../../../pic32c/lib/thumb/v8-m.base/nofp\libc-musl.a(__fmt_u.o)
 .comment       0x00000035       0x36 C:/Program Files/Microchip/xc32/v5.10/bin/bin/../../lib/gcc/pic32c/13.2.1/../../../../pic32c/lib/thumb/v8-m.base/nofp\libc-musl.a(__pop_int.o)
 .comment       0x00000035       0x36 C:/Program Files/Microchip/xc32/v5.10/bin/bin/../../lib/gcc/pic32c/13.2.1/../../../../pic32c/lib/thumb/v8-m.base/nofp\libc-musl.a(__pop_ptr.o)
 .comment       0x00000035       0x36 C:/Program Files/Microchip/xc32/v5.10/bin/bin/../../lib/gcc/pic32c/13.2.1/../../../../pic32c/lib/thumb/v8-m.base/nofp\libc-musl.a(__printf_core.o)
 .comment       0x00000035       0x36 C:/Program Files/Microchip/xc32/v5.10/bin/bin/../../lib/gcc/pic32c/13.2.1/../../../../pic32c/lib/thumb/v8-m.base/nofp\libc-musl.a(stdin.o)
 .comment       0x00000035       0x36 C:/Program Files/Microchip/xc32/v5.10/bin/bin/../../lib/gcc/pic32c/13.2.1/../../../../pic32c/lib/thumb/v8-m.base/nofp\libc-musl.a(stdout.o)
 .comment       0x00000035       0x36 C:/Program Files/Microchip/xc32/v5.10/bin/bin/../../lib/gcc/pic32c/13.2.1/../../../../pic32c/lib/thumb/v8-m.base/nofp\libc-musl.a(puts.o)
 .comment       0x00000035       0x36 C:/Program Files/Microchip/xc32/v5.10/bin/bin/../../lib/gcc/pic32c/13.2.1/../../../../pic32c/lib/thumb/v8-m.base/nofp\libc-musl.a(setbuf.o)
 .comment       0x00000035       0x36 C:/Program Files/Microchip/xc32/v5.10/bin/bin/../../lib/gcc/pic32c/13.2.1/../../../../pic32c/lib/thumb/v8-m.base/nofp\libc-musl.a(atoi.o)
 .comment       0x00000035       0x36 C:/Program Files/Microchip/xc32/v5.10/bin/bin/../../lib/gcc/pic32c/13.2.1/../../../../pic32c/lib/thumb/v8-m.base/nofp\libc-musl.a(tolower.o)
 .comment       0x00000035       0x36 C:/Program Files/Microchip/xc32/v5.10/bin/bin/../../lib/gcc/pic32c/13.2.1/../../../../pic32c/lib/thumb/v8-m.base/nofp\libc-musl.a(__environ.o)
 .comment       0x00000035       0x36 C:/Program Files/Microchip/xc32/v5.10/bin/bin/../../lib/gcc/pic32c/13.2.1/../../../../pic32c/lib/thumb/v8-m.base/nofp\libc-musl.a(__errno_location.o)
 .comment       0x00000035       0x36 C:/Program Files/Microchip/xc32/v5.10/bin/bin/../../lib/gcc/pic32c/13.2.1/../../../../pic32c/lib/thumb/v8-m.base/nofp\libc-musl.a(__int_vfprintf.o)
 .comment       0x00000035       0x36 C:/Program Files/Microchip/xc32/v5.10/bin/bin/../../lib/gcc/pic32c/13.2.1/../../../../pic32c/lib/thumb/v8-m.base/nofp\libc-musl.a(fputs.o)
 .comment       0x00000035       0x36 C:/Program Files/Microchip/xc32/v5.10/bin/bin/../../lib/gcc/pic32c/13.2.1/../../../../pic32c/lib/thumb/v8-m.base/nofp\libc-musl.a(__cvt_u.o)
 .comment       0x00000035       0x36 C:/Program Files/Microchip/xc32/v5.10/bin/bin/../../lib/gcc/pic32c/13.2.1/../../../../pic32c/lib/thumb/v8-m.base/nofp\libc-musl.a(__pop_float.o)
 .comment       0x00000035       0x36 C:/Program Files/Microchip/xc32/v5.10/bin/bin/../../lib/gcc/pic32c/13.2.1/../../../../pic32c/lib/thumb/v8-m.base/nofp\libc-musl.a(__stdio_read.o)
 .comment       0x00000035       0x36 C:/Program Files/Microchip/xc32/v5.10/bin/bin/../../lib/gcc/pic32c/13.2.1/../../../../pic32c/lib/thumb/v8-m.base/nofp\libc-musl.a(__towrite_rw.o)
 .comment       0x00000035       0x36 C:/Program Files/Microchip/xc32/v5.10/bin/bin/../../lib/gcc/pic32c/13.2.1/../../../../pic32c/lib/thumb/v8-m.base/nofp\libc-musl.a(fwrite.o)
 .comment       0x00000035       0x36 C:/Program Files/Microchip/xc32/v5.10/bin/bin/../../lib/gcc/pic32c/13.2.1/../../../../pic32c/lib/thumb/v8-m.base/nofp\libc-musl.a(putc.o)
 .comment       0x00000035       0x36 C:/Program Files/Microchip/xc32/v5.10/bin/bin/../../lib/gcc/pic32c/13.2.1/../../../../pic32c/lib/thumb/v8-m.base/nofp\libc-musl.a(setvbuf.o)
 .comment       0x00000035       0x36 C:/Program Files/Microchip/xc32/v5.10/bin/bin/../../lib/gcc/pic32c/13.2.1/../../../../pic32c/lib/thumb/v8-m.base/nofp\libc-musl.a(readv.o)
 .comment       0x00000035       0x36 C:/Program Files/Microchip/xc32/v5.10/bin/bin/../../lib/gcc/pic32c/13.2.1/../../../../pic32c/lib/thumb/v8-m.base/nofp\libc-musl.a(__init_stdio.o)
 .comment       0x00000035       0x36 C:/Program Files/Microchip/xc32/v5.10/bin/bin/../../lib/gcc/pic32c/13.2.1/../../../../pic32c/lib/thumb/v8-m.base/nofp\libc-musl.a(__out.o)
 .comment       0x00000035       0x36 C:/Program Files/Microchip/xc32/v5.10/bin/bin/../../lib/gcc/pic32c/13.2.1/../../../../pic32c/lib/thumb/v8-m.base/nofp\libc-musl.a(__putc.o)
 .comment       0x00000035       0x36 C:/Program Files/Microchip/xc32/v5.10/bin/bin/../../lib/gcc/pic32c/13.2.1/../../../../pic32c/lib/thumb/v8-m.base/nofp\libc-musl.a(__stderr.o)
 .comment       0x00000035       0x36 C:/Program Files/Microchip/xc32/v5.10/bin/bin/../../lib/gcc/pic32c/13.2.1/../../../../pic32c/lib/thumb/v8-m.base/nofp\libc-musl.a(__stdio_close.o)
 .comment       0x00000035       0x36 C:/Program Files/Microchip/xc32/v5.10/bin/bin/../../lib/gcc/pic32c/13.2.1/../../../../pic32c/lib/thumb/v8-m.base/nofp\libc-musl.a(__stdio_write.o)
 .comment       0x00000035       0x36 C:/Program Files/Microchip/xc32/v5.10/bin/bin/../../lib/gcc/pic32c/13.2.1/../../../../pic32c/lib/thumb/v8-m.base/nofp\libc-musl.a(__stdout.o)
 .comment       0x00000035       0x36 C:/Program Files/Microchip/xc32/v5.10/bin/bin/../../lib/gcc/pic32c/13.2.1/../../../../pic32c/lib/thumb/v8-m.base/nofp\libc-musl.a(__towrite.o)
 .comment       0x00000035       0x36 C:/Program Files/Microchip/xc32/v5.10/bin/bin/../../lib/gcc/pic32c/13.2.1/../../../../pic32c/lib/thumb/v8-m.base/nofp\libc-musl.a(writev.o)
 .comment       0x00000035       0x36 C:/Program Files/Microchip/xc32/v5.10/bin/bin/../../lib/gcc/pic32c/13.2.1/../../../../pic32c/lib/thumb/v8-m.base/nofp\libc-musl.a(__overflow.o)
 .comment       0x00000035       0x36 C:/Program Files/Microchip/xc32/v5.10/bin/bin/../../lib/gcc/pic32c/13.2.1/../../../../pic32c/lib/thumb/v8-m.base/nofp\libc-musl.a(__fwrite.o)
 .comment       0x00000035       0x36 C:/Program Files/Microchip/xc32/v5.10/bin/bin/../../lib/gcc/pic32c/13.2.1/../../../../pic32c/lib/thumb/v8-m.base/nofp\libpic32c.a(close.o)
 .comment       0x00000035       0x36 C:/Program Files/Microchip/xc32/v5.10/bin/bin/../../lib/gcc/pic32c/13.2.1/../../../../pic32c/lib/thumb/v8-m.base/nofp\libpic32c.a(lseek.o)
 .comment       0x00000035       0x36 C:/Program Files/Microchip/xc32/v5.10/bin/bin/../../lib/gcc/pic32c/13.2.1/../../../../pic32c/lib/thumb/v8-m.base/nofp\libc-size-musl.a(memcpy.o)
 .comment       0x00000035       0x36 C:/Program Files/Microchip/xc32/v5.10/bin/bin/../../lib/gcc/pic32c/13.2.1/../../../../pic32c/lib/thumb/v8-m.base/nofp\libc-size-musl.a(memset.o)
 .comment       0x00000035       0x36 C:/Program Files/Microchip/xc32/v5.10/bin/bin/../../lib/gcc/pic32c/13.2.1/../../../../pic32c/lib/thumb/v8-m.base/nofp\libc-size-musl.a(strlen.o)
 .comment       0x00000035       0x36 C:/Program Files/Microchip/xc32/v5.10/bin/bin/../../lib/gcc/pic32c/13.2.1/../../../../pic32c/lib/thumb/v8-m.base/nofp\liblmalloc-musl.a(lite_malloc.o)
 .comment       0x00000035       0x36 C:/Program Files/Microchip/xc32/v5.10/bin/bin/../../lib/gcc/pic32c/13.2.1/../../../../pic32c/lib/thumb/v8-m.base/nofp\liblmalloc-musl.a(lite_free.o)
 .comment       0x00000035       0x36 C:/Program Files/Microchip/xc32/v5.10/bin/bin/../../lib/gcc/pic32c/13.2.1/../../../../pic32c/lib/thumb/v8-m.base/nofp\libc-musl.a(expand_heap.o)
 .comment       0x00000035       0x36 C:/Program Files/Microchip/xc32/v5.10/bin/bin/../../lib/gcc/pic32c/13.2.1/../../../../pic32c/lib/thumb/v8-m.base/nofp\libpic32c.a(sbrk.o)
 .comment       0x00000035       0x36 C:/Program Files/Microchip/xc32/v5.10/bin/bin/../../lib/gcc/pic32c/13.2.1/thumb/v8-m.base/nofp\libgcc.a(_udivmoddi4.o)
 .comment       0x00000035       0x36 C:/Program Files/Microchip/xc32/v5.10/bin/bin/../../lib/gcc/pic32c/13.2.1/../../../../pic32c/lib/thumb/v8-m.base/nofp\libpic32c.a(pic32_data_init_clear.o)
 .comment       0x00000035       0x36 C:/Program Files/Microchip/xc32/v5.10/bin/bin/../../lib/gcc/pic32c/13.2.1/../../../../pic32c/lib/thumb/v8-m.base/nofp\libpic32c.a(pic32_data_init_copy.o)

.debug_info     0x00000000     0xd0a1
 .debug_info    0x00000000     0x10e8 build/default/production/_ext/504274921/plib_sercom3_usart.o
 .debug_info    0x000010e8      0xd8f build/default/production/_ext/1360937237/main.o
 .debug_info    0x00001e77      0x1f0 build/default/production/_ext/1171490990/initialization.o
 .debug_info    0x00002067      0x6b2 build/default/production/_ext/1171490990/interrupts.o
 .debug_info    0x00002719       0xba build/default/production/_ext/1171490990/exceptions.o
 .debug_info    0x000027d3      0x1ef build/default/production/_ext/163028504/xc32_monitor.o
 .debug_info    0x000029c2      0x741 build/default/production/_ext/1865468468/plib_nvic.o
 .debug_info    0x00003103      0x54b build/default/production/_ext/1827571544/plib_systick.o
 .debug_info    0x0000364e      0x200 build/default/production/_ext/1171490990/startup_xc32.o
 .debug_info    0x0000384e      0xbe5 build/default/production/_ext/1865161661/plib_dmac.o
 .debug_info    0x00004433      0x643 build/default/production/_ext/60163342/plib_adc.o
 .debug_info    0x00004a76      0x52a build/default/production/_ext/60181570/plib_tcc0.o
 .debug_info    0x00004fa0      0x39a build/default/production/_ext/60167341/plib_eic.o
 .debug_info    0x0000533a      0x212 C:/Program Files/Microchip/xc32/v5.10/bin/bin/../../lib/gcc/pic32c/13.2.1/../../../../pic32c/lib/thumb/v8-m.base/nofp\libpic32c.a(data_init.o)
 .debug_info    0x0000554c      0x2fb C:/Program Files/Microchip/xc32/v5.10/bin/bin/../../lib/gcc/pic32c/13.2.1/../../../../pic32c/lib/thumb/v8-m.base/nofp\libc-musl.a(__libc_start_main.o)
 .debug_info    0x00005847      0x276 C:/Program Files/Microchip/xc32/v5.10/bin/bin/../../lib/gcc/pic32c/13.2.1/../../../../pic32c/lib/thumb/v8-m.base/nofp\libc-musl.a(libc.o)
 .debug_info    0x00005abd      0x1e2 C:/Program Files/Microchip/xc32/v5.10/bin/bin/../../lib/gcc/pic32c/13.2.1/../../../../pic32c/lib/thumb/v8-m.base/nofp\libc-musl.a(__sio_printf_dnu.o)
 .debug_info    0x00005c9f      0x374 C:/Program Files/Microchip/xc32/v5.10/bin/bin/../../lib/gcc/pic32c/13.2.1/../../../../pic32c/lib/thumb/v8-m.base/nofp\libc-musl.a(__fmt_d.o)
 .debug_info    0x00006013      0x345 C:/Program Files/Microchip/xc32/v5.10/bin/bin/../../lib/gcc/pic32c/13.2.1/../../../../pic32c/lib/thumb/v8-m.base/nofp\libc-musl.a(__fmt_u.o)
 .debug_info    0x00006358      0x183 C:/Program Files/Microchip/xc32/v5.10/bin/bin/../../lib/gcc/pic32c/13.2.1/../../../../pic32c/lib/thumb/v8-m.base/nofp\libc-musl.a(__pop_int.o)
 .debug_info    0x000064db      0x18d C:/Program Files/Microchip/xc32/v5.10/bin/bin/../../lib/gcc/pic32c/13.2.1/../../../../pic32c/lib/thumb/v8-m.base/nofp\libc-musl.a(__pop_ptr.o)
 .debug_info    0x00006668      0xb29 C:/Program Files/Microchip/xc32/v5.10/bin/bin/../../lib/gcc/pic32c/13.2.1/../../../../pic32c/lib/thumb/v8-m.base/nofp\libc-musl.a(__printf_core.o)
 .debug_info    0x00007191      0x423 C:/Program Files/Microchip/xc32/v5.10/bin/bin/../../lib/gcc/pic32c/13.2.1/../../../../pic32c/lib/thumb/v8-m.base/nofp\libc-musl.a(stdin.o)
 .debug_info    0x000075b4      0x1e6 C:/Program Files/Microchip/xc32/v5.10/bin/bin/../../lib/gcc/pic32c/13.2.1/../../../../pic32c/lib/thumb/v8-m.base/nofp\libc-musl.a(stdout.o)
 .debug_info    0x0000779a      0x3ce C:/Program Files/Microchip/xc32/v5.10/bin/bin/../../lib/gcc/pic32c/13.2.1/../../../../pic32c/lib/thumb/v8-m.base/nofp\libc-musl.a(puts.o)
 .debug_info    0x00007b68      0x120 C:/Program Files/Microchip/xc32/v5.10/bin/bin/../../lib/gcc/pic32c/13.2.1/../../../../pic32c/lib/thumb/v8-m.base/nofp\libc-musl.a(setbuf.o)
 .debug_info    0x00007c88       0xf4 C:/Program Files/Microchip/xc32/v5.10/bin/bin/../../lib/gcc/pic32c/13.2.1/../../../../pic32c/lib/thumb/v8-m.base/nofp\libc-musl.a(atoi.o)
 .debug_info    0x00007d7c      0x13e C:/Program Files/Microchip/xc32/v5.10/bin/bin/../../lib/gcc/pic32c/13.2.1/../../../../pic32c/lib/thumb/v8-m.base/nofp\libc-musl.a(tolower.o)
 .debug_info    0x00007eba       0x97 C:/Program Files/Microchip/xc32/v5.10/bin/bin/../../lib/gcc/pic32c/13.2.1/../../../../pic32c/lib/thumb/v8-m.base/nofp\libc-musl.a(__environ.o)
 .debug_info    0x00007f51       0x5b C:/Program Files/Microchip/xc32/v5.10/bin/bin/../../lib/gcc/pic32c/13.2.1/../../../../pic32c/lib/thumb/v8-m.base/nofp\libc-musl.a(__errno_location.o)
 .debug_info    0x00007fac      0x21c C:/Program Files/Microchip/xc32/v5.10/bin/bin/../../lib/gcc/pic32c/13.2.1/../../../../pic32c/lib/thumb/v8-m.base/nofp\libc-musl.a(__int_vfprintf.o)
 .debug_info    0x000081c8      0x3de C:/Program Files/Microchip/xc32/v5.10/bin/bin/../../lib/gcc/pic32c/13.2.1/../../../../pic32c/lib/thumb/v8-m.base/nofp\libc-musl.a(fputs.o)
 .debug_info    0x000085a6      0x1e3 C:/Program Files/Microchip/xc32/v5.10/bin/bin/../../lib/gcc/pic32c/13.2.1/../../../../pic32c/lib/thumb/v8-m.base/nofp\libc-musl.a(__cvt_u.o)
 .debug_info    0x00008789      0x163 C:/Program Files/Microchip/xc32/v5.10/bin/bin/../../lib/gcc/pic32c/13.2.1/../../../../pic32c/lib/thumb/v8-m.base/nofp\libc-musl.a(__pop_float.o)
 .debug_info    0x000088ec      0x40b C:/Program Files/Microchip/xc32/v5.10/bin/bin/../../lib/gcc/pic32c/13.2.1/../../../../pic32c/lib/thumb/v8-m.base/nofp\libc-musl.a(__stdio_read.o)
 .debug_info    0x00008cf7      0x331 C:/Program Files/Microchip/xc32/v5.10/bin/bin/../../lib/gcc/pic32c/13.2.1/../../../../pic32c/lib/thumb/v8-m.base/nofp\libc-musl.a(__towrite_rw.o)
 .debug_info    0x00009028      0x289 C:/Program Files/Microchip/xc32/v5.10/bin/bin/../../lib/gcc/pic32c/13.2.1/../../../../pic32c/lib/thumb/v8-m.base/nofp\libc-musl.a(fwrite.o)
 .debug_info    0x000092b1      0x247 C:/Program Files/Microchip/xc32/v5.10/bin/bin/../../lib/gcc/pic32c/13.2.1/../../../../pic32c/lib/thumb/v8-m.base/nofp\libc-musl.a(putc.o)
 .debug_info    0x000094f8      0x2ea C:/Program Files/Microchip/xc32/v5.10/bin/bin/../../lib/gcc/pic32c/13.2.1/../../../../pic32c/lib/thumb/v8-m.base/nofp\libc-musl.a(setvbuf.o)
 .debug_info    0x000097e2      0x163 C:/Program Files/Microchip/xc32/v5.10/bin/bin/../../lib/gcc/pic32c/13.2.1/../../../../pic32c/lib/thumb/v8-m.base/nofp\libc-musl.a(readv.o)
 .debug_info    0x00009945       0xc3 C:/Program Files/Microchip/xc32/v5.10/bin/bin/../../lib/gcc/pic32c/13.2.1/../../../../pic32c/lib/thumb/v8-m.base/nofp\libc-musl.a(__init_stdio.o)
 .debug_info    0x00009a08      0x2fb C:/Program Files/Microchip/xc32/v5.10/bin/bin/../../lib/gcc/pic32c/13.2.1/../../../../pic32c/lib/thumb/v8-m.base/nofp\libc-musl.a(__out.o)
 .debug_info    0x00009d03      0x2c1 C:/Program Files/Microchip/xc32/v5.10/bin/bin/../../lib/gcc/pic32c/13.2.1/../../../../pic32c/lib/thumb/v8-m.base/nofp\libc-musl.a(__putc.o)
 .debug_info    0x00009fc4      0x3e7 C:/Program Files/Microchip/xc32/v5.10/bin/bin/../../lib/gcc/pic32c/13.2.1/../../../../pic32c/lib/thumb/v8-m.base/nofp\libc-musl.a(__stderr.o)
 .debug_info    0x0000a3ab      0x419 C:/Program Files/Microchip/xc32/v5.10/bin/bin/../../lib/gcc/pic32c/13.2.1/../../../../pic32c/lib/thumb/v8-m.base/nofp\libc-musl.a(__stdio_close.o)
 .debug_info    0x0000a7c4      0x485 C:/Program Files/Microchip/xc32/v5.10/bin/bin/../../lib/gcc/pic32c/13.2.1/../../../../pic32c/lib/thumb/v8-m.base/nofp\libc-musl.a(__stdio_write.o)
 .debug_info    0x0000ac49      0x3e7 C:/Program Files/Microchip/xc32/v5.10/bin/bin/../../lib/gcc/pic32c/13.2.1/../../../../pic32c/lib/thumb/v8-m.base/nofp\libc-musl.a(__stdout.o)
 .debug_info    0x0000b030      0x275 C:/Program Files/Microchip/xc32/v5.10/bin/bin/../../lib/gcc/pic32c/13.2.1/../../../../pic32c/lib/thumb/v8-m.base/nofp\libc-musl.a(__towrite.o)
 .debug_info    0x0000b2a5      0x16a C:/Program Files/Microchip/xc32/v5.10/bin/bin/../../lib/gcc/pic32c/13.2.1/../../../../pic32c/lib/thumb/v8-m.base/nofp\libc-musl.a(writev.o)
 .debug_info    0x0000b40f      0x38f C:/Program Files/Microchip/xc32/v5.10/bin/bin/../../lib/gcc/pic32c/13.2.1/../../../../pic32c/lib/thumb/v8-m.base/nofp\libc-musl.a(__overflow.o)
 .debug_info    0x0000b79e      0x2ee C:/Program Files/Microchip/xc32/v5.10/bin/bin/../../lib/gcc/pic32c/13.2.1/../../../../pic32c/lib/thumb/v8-m.base/nofp\libc-musl.a(__fwrite.o)
 .debug_info    0x0000ba8c       0xa6 C:/Program Files/Microchip/xc32/v5.10/bin/bin/../../lib/gcc/pic32c/13.2.1/../../../../pic32c/lib/thumb/v8-m.base/nofp\libpic32c.a(close.o)
 .debug_info    0x0000bb32       0xbc C:/Program Files/Microchip/xc32/v5.10/bin/bin/../../lib/gcc/pic32c/13.2.1/../../../../pic32c/lib/thumb/v8-m.base/nofp\libpic32c.a(lseek.o)
 .debug_info    0x0000bbee       0xed C:/Program Files/Microchip/xc32/v5.10/bin/bin/../../lib/gcc/pic32c/13.2.1/../../../../pic32c/lib/thumb/v8-m.base/nofp\libc-size-musl.a(memcpy.o)
 .debug_info    0x0000bcdb       0xc2 C:/Program Files/Microchip/xc32/v5.10/bin/bin/../../lib/gcc/pic32c/13.2.1/../../../../pic32c/lib/thumb/v8-m.base/nofp\libc-size-musl.a(memset.o)
 .debug_info    0x0000bd9d       0xab C:/Program Files/Microchip/xc32/v5.10/bin/bin/../../lib/gcc/pic32c/13.2.1/../../../../pic32c/lib/thumb/v8-m.base/nofp\libc-size-musl.a(strlen.o)
 .debug_info    0x0000be48      0x1dc C:/Program Files/Microchip/xc32/v5.10/bin/bin/../../lib/gcc/pic32c/13.2.1/../../../../pic32c/lib/thumb/v8-m.base/nofp\liblmalloc-musl.a(lite_malloc.o)
 .debug_info    0x0000c024      0x276 C:/Program Files/Microchip/xc32/v5.10/bin/bin/../../lib/gcc/pic32c/13.2.1/../../../../pic32c/lib/thumb/v8-m.base/nofp\liblmalloc-musl.a(lite_free.o)
 .debug_info    0x0000c29a      0x115 C:/Program Files/Microchip/xc32/v5.10/bin/bin/../../lib/gcc/pic32c/13.2.1/../../../../pic32c/lib/thumb/v8-m.base/nofp\libc-musl.a(expand_heap.o)
 .debug_info    0x0000c3af      0x186 C:/Program Files/Microchip/xc32/v5.10/bin/bin/../../lib/gcc/pic32c/13.2.1/../../../../pic32c/lib/thumb/v8-m.base/nofp\libpic32c.a(sbrk.o)
 .debug_info    0x0000c535       0x35 C:/Program Files/Microchip/xc32/v5.10/bin/bin/../../lib/gcc/pic32c/13.2.1/thumb/v8-m.base/nofp\libgcc.a(_thumb1_case_uqi.o)
 .debug_info    0x0000c56a       0x35 C:/Program Files/Microchip/xc32/v5.10/bin/bin/../../lib/gcc/pic32c/13.2.1/thumb/v8-m.base/nofp\libgcc.a(_aeabi_uldivmod.o)
 .debug_info    0x0000c59f      0x849 C:/Program Files/Microchip/xc32/v5.10/bin/bin/../../lib/gcc/pic32c/13.2.1/thumb/v8-m.base/nofp\libgcc.a(_udivmoddi4.o)
 .debug_info    0x0000cde8       0x41 C:/Program Files/Microchip/xc32/v5.10/bin/bin/../../lib/gcc/pic32c/13.2.1/thumb/v8-m.base/nofp\libgcc.a(_dvmd_tls.o)
 .debug_info    0x0000ce29       0x35 C:/Program Files/Microchip/xc32/v5.10/bin/bin/../../lib/gcc/pic32c/13.2.1/thumb/v8-m.base/nofp\libgcc.a(_clzsi2.o)
 .debug_info    0x0000ce5e      0x117 C:/Program Files/Microchip/xc32/v5.10/bin/bin/../../lib/gcc/pic32c/13.2.1/../../../../pic32c/lib/thumb/v8-m.base/nofp\libpic32c.a(pic32_data_init_clear.o)
 .debug_info    0x0000cf75      0x12c C:/Program Files/Microchip/xc32/v5.10/bin/bin/../../lib/gcc/pic32c/13.2.1/../../../../pic32c/lib/thumb/v8-m.base/nofp\libpic32c.a(pic32_data_init_copy.o)

.debug_abbrev   0x00000000     0x4d16
 .debug_abbrev  0x00000000      0x285 build/default/production/_ext/504274921/plib_sercom3_usart.o
 .debug_abbrev  0x00000285      0x279 build/default/production/_ext/1360937237/main.o
 .debug_abbrev  0x000004fe      0x125 build/default/production/_ext/1171490990/initialization.o
 .debug_abbrev  0x00000623       0xd3 build/default/production/_ext/1171490990/interrupts.o
 .debug_abbrev  0x000006f6       0x49 build/default/production/_ext/1171490990/exceptions.o
 .debug_abbrev  0x0000073f      0x105 build/default/production/_ext/163028504/xc32_monitor.o
 .debug_abbrev  0x00000844      0x1e3 build/default/production/_ext/1865468468/plib_nvic.o
 .debug_abbrev  0x00000a27      0x1ef build/default/production/_ext/1827571544/plib_systick.o
 .debug_abbrev  0x00000c16      0x12c build/default/production/_ext/1171490990/startup_xc32.o
 .debug_abbrev  0x00000d42      0x2e8 build/default/production/_ext/1865161661/plib_dmac.o
 .debug_abbrev  0x0000102a      0x172 build/default/production/_ext/60163342/plib_adc.o
 .debug_abbrev  0x0000119c      0x13e build/default/production/_ext/60181570/plib_tcc0.o
 .debug_abbrev  0x000012da      0x180 build/default/production/_ext/60167341/plib_eic.o
 .debug_abbrev  0x0000145a      0x156 C:/Program Files/Microchip/xc32/v5.10/bin/bin/../../lib/gcc/pic32c/13.2.1/../../../../pic32c/lib/thumb/v8-m.base/nofp\libpic32c.a(data_init.o)
 .debug_abbrev  0x000015b0      0x133 C:/Program Files/Microchip/xc32/v5.10/bin/bin/../../lib/gcc/pic32c/13.2.1/../../../../pic32c/lib/thumb/v8-m.base/nofp\libc-musl.a(__libc_start_main.o)
 .debug_abbrev  0x000016e3       0xd4 C:/Program Files/Microchip/xc32/v5.10/bin/bin/../../lib/gcc/pic32c/13.2.1/../../../../pic32c/lib/thumb/v8-m.base/nofp\libc-musl.a(libc.o)
 .debug_abbrev  0x000017b7      0x15d C:/Program Files/Microchip/xc32/v5.10/bin/bin/../../lib/gcc/pic32c/13.2.1/../../../../pic32c/lib/thumb/v8-m.base/nofp\libc-musl.a(__sio_printf_dnu.o)
 .debug_abbrev  0x00001914      0x16b C:/Program Files/Microchip/xc32/v5.10/bin/bin/../../lib/gcc/pic32c/13.2.1/../../../../pic32c/lib/thumb/v8-m.base/nofp\libc-musl.a(__fmt_d.o)
 .debug_abbrev  0x00001a7f      0x16b C:/Program Files/Microchip/xc32/v5.10/bin/bin/../../lib/gcc/pic32c/13.2.1/../../../../pic32c/lib/thumb/v8-m.base/nofp\libc-musl.a(__fmt_u.o)
 .debug_abbrev  0x00001bea       0xdc C:/Program Files/Microchip/xc32/v5.10/bin/bin/../../lib/gcc/pic32c/13.2.1/../../../../pic32c/lib/thumb/v8-m.base/nofp\libc-musl.a(__pop_int.o)
 .debug_abbrev  0x00001cc6       0xdc C:/Program Files/Microchip/xc32/v5.10/bin/bin/../../lib/gcc/pic32c/13.2.1/../../../../pic32c/lib/thumb/v8-m.base/nofp\libc-musl.a(__pop_ptr.o)
 .debug_abbrev  0x00001da2      0x324 C:/Program Files/Microchip/xc32/v5.10/bin/bin/../../lib/gcc/pic32c/13.2.1/../../../../pic32c/lib/thumb/v8-m.base/nofp\libc-musl.a(__printf_core.o)
 .debug_abbrev  0x000020c6      0x1c0 C:/Program Files/Microchip/xc32/v5.10/bin/bin/../../lib/gcc/pic32c/13.2.1/../../../../pic32c/lib/thumb/v8-m.base/nofp\libc-musl.a(stdin.o)
 .debug_abbrev  0x00002286      0x144 C:/Program Files/Microchip/xc32/v5.10/bin/bin/../../lib/gcc/pic32c/13.2.1/../../../../pic32c/lib/thumb/v8-m.base/nofp\libc-musl.a(stdout.o)
 .debug_abbrev  0x000023ca      0x15a C:/Program Files/Microchip/xc32/v5.10/bin/bin/../../lib/gcc/pic32c/13.2.1/../../../../pic32c/lib/thumb/v8-m.base/nofp\libc-musl.a(puts.o)
 .debug_abbrev  0x00002524       0xbf C:/Program Files/Microchip/xc32/v5.10/bin/bin/../../lib/gcc/pic32c/13.2.1/../../../../pic32c/lib/thumb/v8-m.base/nofp\libc-musl.a(setbuf.o)
 .debug_abbrev  0x000025e3       0xc6 C:/Program Files/Microchip/xc32/v5.10/bin/bin/../../lib/gcc/pic32c/13.2.1/../../../../pic32c/lib/thumb/v8-m.base/nofp\libc-musl.a(atoi.o)
 .debug_abbrev  0x000026a9       0xf4 C:/Program Files/Microchip/xc32/v5.10/bin/bin/../../lib/gcc/pic32c/13.2.1/../../../../pic32c/lib/thumb/v8-m.base/nofp\libc-musl.a(tolower.o)
 .debug_abbrev  0x0000279d       0x62 C:/Program Files/Microchip/xc32/v5.10/bin/bin/../../lib/gcc/pic32c/13.2.1/../../../../pic32c/lib/thumb/v8-m.base/nofp\libc-musl.a(__environ.o)
 .debug_abbrev  0x000027ff       0x39 C:/Program Files/Microchip/xc32/v5.10/bin/bin/../../lib/gcc/pic32c/13.2.1/../../../../pic32c/lib/thumb/v8-m.base/nofp\libc-musl.a(__errno_location.o)
 .debug_abbrev  0x00002838      0x13a C:/Program Files/Microchip/xc32/v5.10/bin/bin/../../lib/gcc/pic32c/13.2.1/../../../../pic32c/lib/thumb/v8-m.base/nofp\libc-musl.a(__int_vfprintf.o)
 .debug_abbrev  0x00002972      0x14c C:/Program Files/Microchip/xc32/v5.10/bin/bin/../../lib/gcc/pic32c/13.2.1/../../../../pic32c/lib/thumb/v8-m.base/nofp\libc-musl.a(fputs.o)
 .debug_abbrev  0x00002abe      0x10c C:/Program Files/Microchip/xc32/v5.10/bin/bin/../../lib/gcc/pic32c/13.2.1/../../../../pic32c/lib/thumb/v8-m.base/nofp\libc-musl.a(__cvt_u.o)
 .debug_abbrev  0x00002bca       0xdc C:/Program Files/Microchip/xc32/v5.10/bin/bin/../../lib/gcc/pic32c/13.2.1/../../../../pic32c/lib/thumb/v8-m.base/nofp\libc-musl.a(__pop_float.o)
 .debug_abbrev  0x00002ca6      0x176 C:/Program Files/Microchip/xc32/v5.10/bin/bin/../../lib/gcc/pic32c/13.2.1/../../../../pic32c/lib/thumb/v8-m.base/nofp\libc-musl.a(__stdio_read.o)
 .debug_abbrev  0x00002e1c       0xf8 C:/Program Files/Microchip/xc32/v5.10/bin/bin/../../lib/gcc/pic32c/13.2.1/../../../../pic32c/lib/thumb/v8-m.base/nofp\libc-musl.a(__towrite_rw.o)
 .debug_abbrev  0x00002f14      0x146 C:/Program Files/Microchip/xc32/v5.10/bin/bin/../../lib/gcc/pic32c/13.2.1/../../../../pic32c/lib/thumb/v8-m.base/nofp\libc-musl.a(fwrite.o)
 .debug_abbrev  0x0000305a      0x167 C:/Program Files/Microchip/xc32/v5.10/bin/bin/../../lib/gcc/pic32c/13.2.1/../../../../pic32c/lib/thumb/v8-m.base/nofp\libc-musl.a(putc.o)
 .debug_abbrev  0x000031c1      0x152 C:/Program Files/Microchip/xc32/v5.10/bin/bin/../../lib/gcc/pic32c/13.2.1/../../../../pic32c/lib/thumb/v8-m.base/nofp\libc-musl.a(setvbuf.o)
 .debug_abbrev  0x00003313      0x101 C:/Program Files/Microchip/xc32/v5.10/bin/bin/../../lib/gcc/pic32c/13.2.1/../../../../pic32c/lib/thumb/v8-m.base/nofp\libc-musl.a(readv.o)
 .debug_abbrev  0x00003414       0x65 C:/Program Files/Microchip/xc32/v5.10/bin/bin/../../lib/gcc/pic32c/13.2.1/../../../../pic32c/lib/thumb/v8-m.base/nofp\libc-musl.a(__init_stdio.o)
 .debug_abbrev  0x00003479      0x184 C:/Program Files/Microchip/xc32/v5.10/bin/bin/../../lib/gcc/pic32c/13.2.1/../../../../pic32c/lib/thumb/v8-m.base/nofp\libc-musl.a(__out.o)
 .debug_abbrev  0x000035fd      0x10a C:/Program Files/Microchip/xc32/v5.10/bin/bin/../../lib/gcc/pic32c/13.2.1/../../../../pic32c/lib/thumb/v8-m.base/nofp\libc-musl.a(__putc.o)
 .debug_abbrev  0x00003707      0x194 C:/Program Files/Microchip/xc32/v5.10/bin/bin/../../lib/gcc/pic32c/13.2.1/../../../../pic32c/lib/thumb/v8-m.base/nofp\libc-musl.a(__stderr.o)
 .debug_abbrev  0x0000389b      0x16e C:/Program Files/Microchip/xc32/v5.10/bin/bin/../../lib/gcc/pic32c/13.2.1/../../../../pic32c/lib/thumb/v8-m.base/nofp\libc-musl.a(__stdio_close.o)
 .debug_abbrev  0x00003a09      0x1c5 C:/Program Files/Microchip/xc32/v5.10/bin/bin/../../lib/gcc/pic32c/13.2.1/../../../../pic32c/lib/thumb/v8-m.base/nofp\libc-musl.a(__stdio_write.o)
 .debug_abbrev  0x00003bce      0x194 C:/Program Files/Microchip/xc32/v5.10/bin/bin/../../lib/gcc/pic32c/13.2.1/../../../../pic32c/lib/thumb/v8-m.base/nofp\libc-musl.a(__stdout.o)
 .debug_abbrev  0x00003d62      0x114 C:/Program Files/Microchip/xc32/v5.10/bin/bin/../../lib/gcc/pic32c/13.2.1/../../../../pic32c/lib/thumb/v8-m.base/nofp\libc-musl.a(__towrite.o)
 .debug_abbrev  0x00003e76      0x106 C:/Program Files/Microchip/xc32/v5.10/bin/bin/../../lib/gcc/pic32c/13.2.1/../../../../pic32c/lib/thumb/v8-m.base/nofp\libc-musl.a(writev.o)
 .debug_abbrev  0x00003f7c      0x142 C:/Program Files/Microchip/xc32/v5.10/bin/bin/../../lib/gcc/pic32c/13.2.1/../../../../pic32c/lib/thumb/v8-m.base/nofp\libc-musl.a(__overflow.o)
 .debug_abbrev  0x000040be      0x13c C:/Program Files/Microchip/xc32/v5.10/bin/bin/../../lib/gcc/pic32c/13.2.1/../../../../pic32c/lib/thumb/v8-m.base/nofp\libc-musl.a(__fwrite.o)
 .debug_abbrev  0x000041fa       0x81 C:/Program Files/Microchip/xc32/v5.10/bin/bin/../../lib/gcc/pic32c/13.2.1/../../../../pic32c/lib/thumb/v8-m.base/nofp\libpic32c.a(close.o)
 .debug_abbrev  0x0000427b       0x92 C:/Program Files/Microchip/xc32/v5.10/bin/bin/../../lib/gcc/pic32c/13.2.1/../../../../pic32c/lib/thumb/v8-m.base/nofp\libpic32c.a(lseek.o)
 .debug_abbrev  0x0000430d       0xbb C:/Program Files/Microchip/xc32/v5.10/bin/bin/../../lib/gcc/pic32c/13.2.1/../../../../pic32c/lib/thumb/v8-m.base/nofp\libc-size-musl.a(memcpy.o)
 .debug_abbrev  0x000043c8       0xa2 C:/Program Files/Microchip/xc32/v5.10/bin/bin/../../lib/gcc/pic32c/13.2.1/../../../../pic32c/lib/thumb/v8-m.base/nofp\libc-size-musl.a(memset.o)
 .debug_abbrev  0x0000446a       0x91 C:/Program Files/Microchip/xc32/v5.10/bin/bin/../../lib/gcc/pic32c/13.2.1/../../../../pic32c/lib/thumb/v8-m.base/nofp\libc-size-musl.a(strlen.o)
 .debug_abbrev  0x000044fb      0x13d C:/Program Files/Microchip/xc32/v5.10/bin/bin/../../lib/gcc/pic32c/13.2.1/../../../../pic32c/lib/thumb/v8-m.base/nofp\liblmalloc-musl.a(lite_malloc.o)
 .debug_abbrev  0x00004638      0x184 C:/Program Files/Microchip/xc32/v5.10/bin/bin/../../lib/gcc/pic32c/13.2.1/../../../../pic32c/lib/thumb/v8-m.base/nofp\liblmalloc-musl.a(lite_free.o)
 .debug_abbrev  0x000047bc       0xcc C:/Program Files/Microchip/xc32/v5.10/bin/bin/../../lib/gcc/pic32c/13.2.1/../../../../pic32c/lib/thumb/v8-m.base/nofp\libc-musl.a(expand_heap.o)
 .debug_abbrev  0x00004888      0x105 C:/Program Files/Microchip/xc32/v5.10/bin/bin/../../lib/gcc/pic32c/13.2.1/../../../../pic32c/lib/thumb/v8-m.base/nofp\libpic32c.a(sbrk.o)
 .debug_abbrev  0x0000498d       0x21 C:/Program Files/Microchip/xc32/v5.10/bin/bin/../../lib/gcc/pic32c/13.2.1/thumb/v8-m.base/nofp\libgcc.a(_thumb1_case_uqi.o)
 .debug_abbrev  0x000049ae       0x21 C:/Program Files/Microchip/xc32/v5.10/bin/bin/../../lib/gcc/pic32c/13.2.1/thumb/v8-m.base/nofp\libgcc.a(_aeabi_uldivmod.o)
 .debug_abbrev  0x000049cf      0x1a9 C:/Program Files/Microchip/xc32/v5.10/bin/bin/../../lib/gcc/pic32c/13.2.1/thumb/v8-m.base/nofp\libgcc.a(_udivmoddi4.o)
 .debug_abbrev  0x00004b78       0x1f C:/Program Files/Microchip/xc32/v5.10/bin/bin/../../lib/gcc/pic32c/13.2.1/thumb/v8-m.base/nofp\libgcc.a(_dvmd_tls.o)
 .debug_abbrev  0x00004b97       0x21 C:/Program Files/Microchip/xc32/v5.10/bin/bin/../../lib/gcc/pic32c/13.2.1/thumb/v8-m.base/nofp\libgcc.a(_clzsi2.o)
 .debug_abbrev  0x00004bb8       0xa5 C:/Program Files/Microchip/xc32/v5.10/bin/bin/../../lib/gcc/pic32c/13.2.1/../../../../pic32c/lib/thumb/v8-m.base/nofp\libpic32c.a(pic32_data_init_clear.o)
 .debug_abbrev  0x00004c5d       0xb9 C:/Program Files/Microchip/xc32/v5.10/bin/bin/../../lib/gcc/pic32c/13.2.1/../../../../pic32c/lib/thumb/v8-m.base/nofp\libpic32c.a(pic32_data_init_copy.o)

.debug_loc      0x00000000     0x63a9
 .debug_loc     0x00000000      0x6bf build/default/production/_ext/504274921/plib_sercom3_usart.o
 .debug_loc     0x000006bf      0x1fa build/default/production/_ext/1360937237/main.o
 .debug_loc     0x000008b9       0x4b build/default/production/_ext/1171490990/initialization.o
 .debug_loc     0x00000904      0x1cd build/default/production/_ext/163028504/xc32_monitor.o
 .debug_loc     0x00000ad1       0xb2 build/default/production/_ext/1865468468/plib_nvic.o
 .debug_loc     0x00000b83      0x3ba build/default/production/_ext/1827571544/plib_systick.o
 .debug_loc     0x00000f3d       0x20 build/default/production/_ext/1171490990/startup_xc32.o
 .debug_loc     0x00000f5d      0xb01 build/default/production/_ext/1865161661/plib_dmac.o
 .debug_loc     0x00001a5e      0x194 build/default/production/_ext/60163342/plib_adc.o
 .debug_loc     0x00001bf2      0x1b3 build/default/production/_ext/60181570/plib_tcc0.o
 .debug_loc     0x00001da5       0x40 build/default/production/_ext/60167341/plib_eic.o
 .debug_loc     0x00001de5      0x113 C:/Program Files/Microchip/xc32/v5.10/bin/bin/../../lib/gcc/pic32c/13.2.1/../../../../pic32c/lib/thumb/v8-m.base/nofp\libpic32c.a(data_init.o)
 .debug_loc     0x00001ef8       0x5e C:/Program Files/Microchip/xc32/v5.10/bin/bin/../../lib/gcc/pic32c/13.2.1/../../../../pic32c/lib/thumb/v8-m.base/nofp\libc-musl.a(__libc_start_main.o)
 .debug_loc     0x00001f56       0x61 C:/Program Files/Microchip/xc32/v5.10/bin/bin/../../lib/gcc/pic32c/13.2.1/../../../../pic32c/lib/thumb/v8-m.base/nofp\libc-musl.a(__sio_printf_dnu.o)
 .debug_loc     0x00001fb7      0x2b3 C:/Program Files/Microchip/xc32/v5.10/bin/bin/../../lib/gcc/pic32c/13.2.1/../../../../pic32c/lib/thumb/v8-m.base/nofp\libc-musl.a(__fmt_d.o)
 .debug_loc     0x0000226a      0x13e C:/Program Files/Microchip/xc32/v5.10/bin/bin/../../lib/gcc/pic32c/13.2.1/../../../../pic32c/lib/thumb/v8-m.base/nofp\libc-musl.a(__fmt_u.o)
 .debug_loc     0x000023a8      0x374 C:/Program Files/Microchip/xc32/v5.10/bin/bin/../../lib/gcc/pic32c/13.2.1/../../../../pic32c/lib/thumb/v8-m.base/nofp\libc-musl.a(__pop_int.o)
 .debug_loc     0x0000271c      0x1a1 C:/Program Files/Microchip/xc32/v5.10/bin/bin/../../lib/gcc/pic32c/13.2.1/../../../../pic32c/lib/thumb/v8-m.base/nofp\libc-musl.a(__pop_ptr.o)
 .debug_loc     0x000028bd      0x68c C:/Program Files/Microchip/xc32/v5.10/bin/bin/../../lib/gcc/pic32c/13.2.1/../../../../pic32c/lib/thumb/v8-m.base/nofp\libc-musl.a(__printf_core.o)
 .debug_loc     0x00002f49       0x4b C:/Program Files/Microchip/xc32/v5.10/bin/bin/../../lib/gcc/pic32c/13.2.1/../../../../pic32c/lib/thumb/v8-m.base/nofp\libc-musl.a(stdin.o)
 .debug_loc     0x00002f94       0x40 C:/Program Files/Microchip/xc32/v5.10/bin/bin/../../lib/gcc/pic32c/13.2.1/../../../../pic32c/lib/thumb/v8-m.base/nofp\libc-musl.a(stdout.o)
 .debug_loc     0x00002fd4       0x70 C:/Program Files/Microchip/xc32/v5.10/bin/bin/../../lib/gcc/pic32c/13.2.1/../../../../pic32c/lib/thumb/v8-m.base/nofp\libc-musl.a(puts.o)
 .debug_loc     0x00003044       0x76 C:/Program Files/Microchip/xc32/v5.10/bin/bin/../../lib/gcc/pic32c/13.2.1/../../../../pic32c/lib/thumb/v8-m.base/nofp\libc-musl.a(setbuf.o)
 .debug_loc     0x000030ba       0xbc C:/Program Files/Microchip/xc32/v5.10/bin/bin/../../lib/gcc/pic32c/13.2.1/../../../../pic32c/lib/thumb/v8-m.base/nofp\libc-musl.a(atoi.o)
 .debug_loc     0x00003176       0xa1 C:/Program Files/Microchip/xc32/v5.10/bin/bin/../../lib/gcc/pic32c/13.2.1/../../../../pic32c/lib/thumb/v8-m.base/nofp\libc-musl.a(tolower.o)
 .debug_loc     0x00003217       0xbc C:/Program Files/Microchip/xc32/v5.10/bin/bin/../../lib/gcc/pic32c/13.2.1/../../../../pic32c/lib/thumb/v8-m.base/nofp\libc-musl.a(__int_vfprintf.o)
 .debug_loc     0x000032d3       0xbf C:/Program Files/Microchip/xc32/v5.10/bin/bin/../../lib/gcc/pic32c/13.2.1/../../../../pic32c/lib/thumb/v8-m.base/nofp\libc-musl.a(fputs.o)
 .debug_loc     0x00003392      0x1d9 C:/Program Files/Microchip/xc32/v5.10/bin/bin/../../lib/gcc/pic32c/13.2.1/../../../../pic32c/lib/thumb/v8-m.base/nofp\libc-musl.a(__cvt_u.o)
 .debug_loc     0x0000356b       0xfb C:/Program Files/Microchip/xc32/v5.10/bin/bin/../../lib/gcc/pic32c/13.2.1/../../../../pic32c/lib/thumb/v8-m.base/nofp\libc-musl.a(__pop_float.o)
 .debug_loc     0x00003666      0x18d C:/Program Files/Microchip/xc32/v5.10/bin/bin/../../lib/gcc/pic32c/13.2.1/../../../../pic32c/lib/thumb/v8-m.base/nofp\libc-musl.a(__stdio_read.o)
 .debug_loc     0x000037f3       0x22 C:/Program Files/Microchip/xc32/v5.10/bin/bin/../../lib/gcc/pic32c/13.2.1/../../../../pic32c/lib/thumb/v8-m.base/nofp\libc-musl.a(__towrite_rw.o)
 .debug_loc     0x00003815      0x214 C:/Program Files/Microchip/xc32/v5.10/bin/bin/../../lib/gcc/pic32c/13.2.1/../../../../pic32c/lib/thumb/v8-m.base/nofp\libc-musl.a(fwrite.o)
 .debug_loc     0x00003a29      0x16c C:/Program Files/Microchip/xc32/v5.10/bin/bin/../../lib/gcc/pic32c/13.2.1/../../../../pic32c/lib/thumb/v8-m.base/nofp\libc-musl.a(putc.o)
 .debug_loc     0x00003b95      0x161 C:/Program Files/Microchip/xc32/v5.10/bin/bin/../../lib/gcc/pic32c/13.2.1/../../../../pic32c/lib/thumb/v8-m.base/nofp\libc-musl.a(setvbuf.o)
 .debug_loc     0x00003cf6      0x13c C:/Program Files/Microchip/xc32/v5.10/bin/bin/../../lib/gcc/pic32c/13.2.1/../../../../pic32c/lib/thumb/v8-m.base/nofp\libc-musl.a(readv.o)
 .debug_loc     0x00003e32       0x20 C:/Program Files/Microchip/xc32/v5.10/bin/bin/../../lib/gcc/pic32c/13.2.1/../../../../pic32c/lib/thumb/v8-m.base/nofp\libc-musl.a(__init_stdio.o)
 .debug_loc     0x00003e52      0x222 C:/Program Files/Microchip/xc32/v5.10/bin/bin/../../lib/gcc/pic32c/13.2.1/../../../../pic32c/lib/thumb/v8-m.base/nofp\libc-musl.a(__out.o)
 .debug_loc     0x00004074       0xd6 C:/Program Files/Microchip/xc32/v5.10/bin/bin/../../lib/gcc/pic32c/13.2.1/../../../../pic32c/lib/thumb/v8-m.base/nofp\libc-musl.a(__putc.o)
 .debug_loc     0x0000414a       0x4b C:/Program Files/Microchip/xc32/v5.10/bin/bin/../../lib/gcc/pic32c/13.2.1/../../../../pic32c/lib/thumb/v8-m.base/nofp\libc-musl.a(__stderr.o)
 .debug_loc     0x00004195      0x1f0 C:/Program Files/Microchip/xc32/v5.10/bin/bin/../../lib/gcc/pic32c/13.2.1/../../../../pic32c/lib/thumb/v8-m.base/nofp\libc-musl.a(__stdio_close.o)
 .debug_loc     0x00004385      0x396 C:/Program Files/Microchip/xc32/v5.10/bin/bin/../../lib/gcc/pic32c/13.2.1/../../../../pic32c/lib/thumb/v8-m.base/nofp\libc-musl.a(__stdio_write.o)
 .debug_loc     0x0000471b       0x4b C:/Program Files/Microchip/xc32/v5.10/bin/bin/../../lib/gcc/pic32c/13.2.1/../../../../pic32c/lib/thumb/v8-m.base/nofp\libc-musl.a(__stdout.o)
 .debug_loc     0x00004766       0x98 C:/Program Files/Microchip/xc32/v5.10/bin/bin/../../lib/gcc/pic32c/13.2.1/../../../../pic32c/lib/thumb/v8-m.base/nofp\libc-musl.a(__towrite.o)
 .debug_loc     0x000047fe      0x13c C:/Program Files/Microchip/xc32/v5.10/bin/bin/../../lib/gcc/pic32c/13.2.1/../../../../pic32c/lib/thumb/v8-m.base/nofp\libc-musl.a(writev.o)
 .debug_loc     0x0000493a       0xcd C:/Program Files/Microchip/xc32/v5.10/bin/bin/../../lib/gcc/pic32c/13.2.1/../../../../pic32c/lib/thumb/v8-m.base/nofp\libc-musl.a(__overflow.o)
 .debug_loc     0x00004a07      0x12a C:/Program Files/Microchip/xc32/v5.10/bin/bin/../../lib/gcc/pic32c/13.2.1/../../../../pic32c/lib/thumb/v8-m.base/nofp\libc-musl.a(__fwrite.o)
 .debug_loc     0x00004b31       0x2b C:/Program Files/Microchip/xc32/v5.10/bin/bin/../../lib/gcc/pic32c/13.2.1/../../../../pic32c/lib/thumb/v8-m.base/nofp\libpic32c.a(close.o)
 .debug_loc     0x00004b5c       0x2b C:/Program Files/Microchip/xc32/v5.10/bin/bin/../../lib/gcc/pic32c/13.2.1/../../../../pic32c/lib/thumb/v8-m.base/nofp\libpic32c.a(lseek.o)
 .debug_loc     0x00004b87      0x12d C:/Program Files/Microchip/xc32/v5.10/bin/bin/../../lib/gcc/pic32c/13.2.1/../../../../pic32c/lib/thumb/v8-m.base/nofp\libc-size-musl.a(memcpy.o)
 .debug_loc     0x00004cb4       0xe5 C:/Program Files/Microchip/xc32/v5.10/bin/bin/../../lib/gcc/pic32c/13.2.1/../../../../pic32c/lib/thumb/v8-m.base/nofp\libc-size-musl.a(memset.o)
 .debug_loc     0x00004d99       0x93 C:/Program Files/Microchip/xc32/v5.10/bin/bin/../../lib/gcc/pic32c/13.2.1/../../../../pic32c/lib/thumb/v8-m.base/nofp\libc-size-musl.a(strlen.o)
 .debug_loc     0x00004e2c      0x11c C:/Program Files/Microchip/xc32/v5.10/bin/bin/../../lib/gcc/pic32c/13.2.1/../../../../pic32c/lib/thumb/v8-m.base/nofp\liblmalloc-musl.a(lite_malloc.o)
 .debug_loc     0x00004f48      0x339 C:/Program Files/Microchip/xc32/v5.10/bin/bin/../../lib/gcc/pic32c/13.2.1/../../../../pic32c/lib/thumb/v8-m.base/nofp\liblmalloc-musl.a(lite_free.o)
 .debug_loc     0x00005281       0x82 C:/Program Files/Microchip/xc32/v5.10/bin/bin/../../lib/gcc/pic32c/13.2.1/../../../../pic32c/lib/thumb/v8-m.base/nofp\libc-musl.a(expand_heap.o)
 .debug_loc     0x00005303       0xca C:/Program Files/Microchip/xc32/v5.10/bin/bin/../../lib/gcc/pic32c/13.2.1/../../../../pic32c/lib/thumb/v8-m.base/nofp\libpic32c.a(sbrk.o)
 .debug_loc     0x000053cd      0xd4e C:/Program Files/Microchip/xc32/v5.10/bin/bin/../../lib/gcc/pic32c/13.2.1/thumb/v8-m.base/nofp\libgcc.a(_udivmoddi4.o)
 .debug_loc     0x0000611b       0xf7 C:/Program Files/Microchip/xc32/v5.10/bin/bin/../../lib/gcc/pic32c/13.2.1/../../../../pic32c/lib/thumb/v8-m.base/nofp\libpic32c.a(pic32_data_init_clear.o)
 .debug_loc     0x00006212      0x197 C:/Program Files/Microchip/xc32/v5.10/bin/bin/../../lib/gcc/pic32c/13.2.1/../../../../pic32c/lib/thumb/v8-m.base/nofp\libpic32c.a(pic32_data_init_copy.o)

.debug_aranges  0x00000000      0xbe0
 .debug_aranges
                0x00000000       0xa8 build/default/production/_ext/504274921/plib_sercom3_usart.o
 .debug_aranges
                0x000000a8       0x30 build/default/production/_ext/1360937237/main.o
 .debug_aranges
                0x000000d8       0x20 build/default/production/_ext/1171490990/initialization.o
 .debug_aranges
                0x000000f8       0x20 build/default/production/_ext/1171490990/interrupts.o
 .debug_aranges
                0x00000118       0x28 build/default/production/_ext/1171490990/exceptions.o
 .debug_aranges
                0x00000140       0x28 build/default/production/_ext/163028504/xc32_monitor.o
 .debug_aranges
                0x00000168       0x38 build/default/production/_ext/1865468468/plib_nvic.o
 .debug_aranges
                0x000001a0       0x98 build/default/production/_ext/1827571544/plib_systick.o
 .debug_aranges
                0x00000238       0x28 build/default/production/_ext/1171490990/startup_xc32.o
 .debug_aranges
                0x00000260       0x98 build/default/production/_ext/1865161661/plib_dmac.o
 .debug_aranges
                0x000002f8       0x80 build/default/production/_ext/60163342/plib_adc.o
 .debug_aranges
                0x00000378       0x80 build/default/production/_ext/60181570/plib_tcc0.o
 .debug_aranges
                0x000003f8       0x40 build/default/production/_ext/60167341/plib_eic.o
 .debug_aranges
                0x00000438       0x30 C:/Program Files/Microchip/xc32/v5.10/bin/bin/../../lib/gcc/pic32c/13.2.1/../../../../pic32c/lib/thumb/v8-m.base/nofp\libpic32c.a(data_init.o)
 .debug_aranges
                0x00000468       0x28 C:/Program Files/Microchip/xc32/v5.10/bin/bin/../../lib/gcc/pic32c/13.2.1/../../../../pic32c/lib/thumb/v8-m.base/nofp\libc-musl.a(__libc_start_main.o)
 .debug_aranges
                0x00000490       0x18 C:/Program Files/Microchip/xc32/v5.10/bin/bin/../../lib/gcc/pic32c/13.2.1/../../../../pic32c/lib/thumb/v8-m.base/nofp\libc-musl.a(libc.o)
 .debug_aranges
                0x000004a8       0x28 C:/Program Files/Microchip/xc32/v5.10/bin/bin/../../lib/gcc/pic32c/13.2.1/../../../../pic32c/lib/thumb/v8-m.base/nofp\libc-musl.a(__sio_printf_dnu.o)
 .debug_aranges
                0x000004d0       0x20 C:/Program Files/Microchip/xc32/v5.10/bin/bin/../../lib/gcc/pic32c/13.2.1/../../../../pic32c/lib/thumb/v8-m.base/nofp\libc-musl.a(__fmt_d.o)
 .debug_aranges
                0x000004f0       0x20 C:/Program Files/Microchip/xc32/v5.10/bin/bin/../../lib/gcc/pic32c/13.2.1/../../../../pic32c/lib/thumb/v8-m.base/nofp\libc-musl.a(__fmt_u.o)
 .debug_aranges
                0x00000510       0x20 C:/Program Files/Microchip/xc32/v5.10/bin/bin/../../lib/gcc/pic32c/13.2.1/../../../../pic32c/lib/thumb/v8-m.base/nofp\libc-musl.a(__pop_int.o)
 .debug_aranges
                0x00000530       0x20 C:/Program Files/Microchip/xc32/v5.10/bin/bin/../../lib/gcc/pic32c/13.2.1/../../../../pic32c/lib/thumb/v8-m.base/nofp\libc-musl.a(__pop_ptr.o)
 .debug_aranges
                0x00000550       0x50 C:/Program Files/Microchip/xc32/v5.10/bin/bin/../../lib/gcc/pic32c/13.2.1/../../../../pic32c/lib/thumb/v8-m.base/nofp\libc-musl.a(__printf_core.o)
 .debug_aranges
                0x000005a0       0x28 C:/Program Files/Microchip/xc32/v5.10/bin/bin/../../lib/gcc/pic32c/13.2.1/../../../../pic32c/lib/thumb/v8-m.base/nofp\libc-musl.a(stdin.o)
 .debug_aranges
                0x000005c8       0x30 C:/Program Files/Microchip/xc32/v5.10/bin/bin/../../lib/gcc/pic32c/13.2.1/../../../../pic32c/lib/thumb/v8-m.base/nofp\libc-musl.a(stdout.o)
 .debug_aranges
                0x000005f8       0x20 C:/Program Files/Microchip/xc32/v5.10/bin/bin/../../lib/gcc/pic32c/13.2.1/../../../../pic32c/lib/thumb/v8-m.base/nofp\libc-musl.a(puts.o)
 .debug_aranges
                0x00000618       0x20 C:/Program Files/Microchip/xc32/v5.10/bin/bin/../../lib/gcc/pic32c/13.2.1/../../../../pic32c/lib/thumb/v8-m.base/nofp\libc-musl.a(setbuf.o)
 .debug_aranges
                0x00000638       0x20 C:/Program Files/Microchip/xc32/v5.10/bin/bin/../../lib/gcc/pic32c/13.2.1/../../../../pic32c/lib/thumb/v8-m.base/nofp\libc-musl.a(atoi.o)
 .debug_aranges
                0x00000658       0x28 C:/Program Files/Microchip/xc32/v5.10/bin/bin/../../lib/gcc/pic32c/13.2.1/../../../../pic32c/lib/thumb/v8-m.base/nofp\libc-musl.a(tolower.o)
 .debug_aranges
                0x00000680       0x18 C:/Program Files/Microchip/xc32/v5.10/bin/bin/../../lib/gcc/pic32c/13.2.1/../../../../pic32c/lib/thumb/v8-m.base/nofp\libc-musl.a(__environ.o)
 .debug_aranges
                0x00000698       0x18 C:/Program Files/Microchip/xc32/v5.10/bin/bin/../../lib/gcc/pic32c/13.2.1/../../../../pic32c/lib/thumb/v8-m.base/nofp\libc-musl.a(__errno_location.o)
 .debug_aranges
                0x000006b0       0x20 C:/Program Files/Microchip/xc32/v5.10/bin/bin/../../lib/gcc/pic32c/13.2.1/../../../../pic32c/lib/thumb/v8-m.base/nofp\libc-musl.a(__int_vfprintf.o)
 .debug_aranges
                0x000006d0       0x20 C:/Program Files/Microchip/xc32/v5.10/bin/bin/../../lib/gcc/pic32c/13.2.1/../../../../pic32c/lib/thumb/v8-m.base/nofp\libc-musl.a(fputs.o)
 .debug_aranges
                0x000006f0       0x20 C:/Program Files/Microchip/xc32/v5.10/bin/bin/../../lib/gcc/pic32c/13.2.1/../../../../pic32c/lib/thumb/v8-m.base/nofp\libc-musl.a(__cvt_u.o)
 .debug_aranges
                0x00000710       0x20 C:/Program Files/Microchip/xc32/v5.10/bin/bin/../../lib/gcc/pic32c/13.2.1/../../../../pic32c/lib/thumb/v8-m.base/nofp\libc-musl.a(__pop_float.o)
 .debug_aranges
                0x00000730       0x20 C:/Program Files/Microchip/xc32/v5.10/bin/bin/../../lib/gcc/pic32c/13.2.1/../../../../pic32c/lib/thumb/v8-m.base/nofp\libc-musl.a(__stdio_read.o)
 .debug_aranges
                0x00000750       0x20 C:/Program Files/Microchip/xc32/v5.10/bin/bin/../../lib/gcc/pic32c/13.2.1/../../../../pic32c/lib/thumb/v8-m.base/nofp\libc-musl.a(__towrite_rw.o)
 .debug_aranges
                0x00000770       0x28 C:/Program Files/Microchip/xc32/v5.10/bin/bin/../../lib/gcc/pic32c/13.2.1/../../../../pic32c/lib/thumb/v8-m.base/nofp\libc-musl.a(fwrite.o)
 .debug_aranges
                0x00000798       0x30 C:/Program Files/Microchip/xc32/v5.10/bin/bin/../../lib/gcc/pic32c/13.2.1/../../../../pic32c/lib/thumb/v8-m.base/nofp\libc-musl.a(putc.o)
 .debug_aranges
                0x000007c8       0x28 C:/Program Files/Microchip/xc32/v5.10/bin/bin/../../lib/gcc/pic32c/13.2.1/../../../../pic32c/lib/thumb/v8-m.base/nofp\libc-musl.a(setvbuf.o)
 .debug_aranges
                0x000007f0       0x20 C:/Program Files/Microchip/xc32/v5.10/bin/bin/../../lib/gcc/pic32c/13.2.1/../../../../pic32c/lib/thumb/v8-m.base/nofp\libc-musl.a(readv.o)
 .debug_aranges
                0x00000810       0x28 C:/Program Files/Microchip/xc32/v5.10/bin/bin/../../lib/gcc/pic32c/13.2.1/../../../../pic32c/lib/thumb/v8-m.base/nofp\libc-musl.a(__init_stdio.o)
 .debug_aranges
                0x00000838       0x28 C:/Program Files/Microchip/xc32/v5.10/bin/bin/../../lib/gcc/pic32c/13.2.1/../../../../pic32c/lib/thumb/v8-m.base/nofp\libc-musl.a(__out.o)
 .debug_aranges
                0x00000860       0x20 C:/Program Files/Microchip/xc32/v5.10/bin/bin/../../lib/gcc/pic32c/13.2.1/../../../../pic32c/lib/thumb/v8-m.base/nofp\libc-musl.a(__putc.o)
 .debug_aranges
                0x00000880       0x30 C:/Program Files/Microchip/xc32/v5.10/bin/bin/../../lib/gcc/pic32c/13.2.1/../../../../pic32c/lib/thumb/v8-m.base/nofp\libc-musl.a(__stderr.o)
 .debug_aranges
                0x000008b0       0x28 C:/Program Files/Microchip/xc32/v5.10/bin/bin/../../lib/gcc/pic32c/13.2.1/../../../../pic32c/lib/thumb/v8-m.base/nofp\libc-musl.a(__stdio_close.o)
 .debug_aranges
                0x000008d8       0x28 C:/Program Files/Microchip/xc32/v5.10/bin/bin/../../lib/gcc/pic32c/13.2.1/../../../../pic32c/lib/thumb/v8-m.base/nofp\libc-musl.a(__stdio_write.o)
 .debug_aranges
                0x00000900       0x30 C:/Program Files/Microchip/xc32/v5.10/bin/bin/../../lib/gcc/pic32c/13.2.1/../../../../pic32c/lib/thumb/v8-m.base/nofp\libc-musl.a(__stdout.o)
 .debug_aranges
                0x00000930       0x28 C:/Program Files/Microchip/xc32/v5.10/bin/bin/../../lib/gcc/pic32c/13.2.1/../../../../pic32c/lib/thumb/v8-m.base/nofp\libc-musl.a(__towrite.o)
 .debug_aranges
                0x00000958       0x20 C:/Program Files/Microchip/xc32/v5.10/bin/bin/../../lib/gcc/pic32c/13.2.1/../../../../pic32c/lib/thumb/v8-m.base/nofp\libc-musl.a(writev.o)
 .debug_aranges
                0x00000978       0x20 C:/Program Files/Microchip/xc32/v5.10/bin/bin/../../lib/gcc/pic32c/13.2.1/../../../../pic32c/lib/thumb/v8-m.base/nofp\libc-musl.a(__overflow.o)
 .debug_aranges
                0x00000998       0x28 C:/Program Files/Microchip/xc32/v5.10/bin/bin/../../lib/gcc/pic32c/13.2.1/../../../../pic32c/lib/thumb/v8-m.base/nofp\libc-musl.a(__fwrite.o)
 .debug_aranges
                0x000009c0       0x20 C:/Program Files/Microchip/xc32/v5.10/bin/bin/../../lib/gcc/pic32c/13.2.1/../../../../pic32c/lib/thumb/v8-m.base/nofp\libpic32c.a(close.o)
 .debug_aranges
                0x000009e0       0x20 C:/Program Files/Microchip/xc32/v5.10/bin/bin/../../lib/gcc/pic32c/13.2.1/../../../../pic32c/lib/thumb/v8-m.base/nofp\libpic32c.a(lseek.o)
 .debug_aranges
                0x00000a00       0x20 C:/Program Files/Microchip/xc32/v5.10/bin/bin/../../lib/gcc/pic32c/13.2.1/../../../../pic32c/lib/thumb/v8-m.base/nofp\libc-size-musl.a(memcpy.o)
 .debug_aranges
                0x00000a20       0x20 C:/Program Files/Microchip/xc32/v5.10/bin/bin/../../lib/gcc/pic32c/13.2.1/../../../../pic32c/lib/thumb/v8-m.base/nofp\libc-size-musl.a(memset.o)
 .debug_aranges
                0x00000a40       0x20 C:/Program Files/Microchip/xc32/v5.10/bin/bin/../../lib/gcc/pic32c/13.2.1/../../../../pic32c/lib/thumb/v8-m.base/nofp\libc-size-musl.a(strlen.o)
 .debug_aranges
                0x00000a60       0x20 C:/Program Files/Microchip/xc32/v5.10/bin/bin/../../lib/gcc/pic32c/13.2.1/../../../../pic32c/lib/thumb/v8-m.base/nofp\liblmalloc-musl.a(lite_malloc.o)
 .debug_aranges
                0x00000a80       0x30 C:/Program Files/Microchip/xc32/v5.10/bin/bin/../../lib/gcc/pic32c/13.2.1/../../../../pic32c/lib/thumb/v8-m.base/nofp\liblmalloc-musl.a(lite_free.o)
 .debug_aranges
                0x00000ab0       0x20 C:/Program Files/Microchip/xc32/v5.10/bin/bin/../../lib/gcc/pic32c/13.2.1/../../../../pic32c/lib/thumb/v8-m.base/nofp\libc-musl.a(expand_heap.o)
 .debug_aranges
                0x00000ad0       0x30 C:/Program Files/Microchip/xc32/v5.10/bin/bin/../../lib/gcc/pic32c/13.2.1/../../../../pic32c/lib/thumb/v8-m.base/nofp\libpic32c.a(sbrk.o)
 .debug_aranges
                0x00000b00       0x20 C:/Program Files/Microchip/xc32/v5.10/bin/bin/../../lib/gcc/pic32c/13.2.1/thumb/v8-m.base/nofp\libgcc.a(_thumb1_case_uqi.o)
 .debug_aranges
                0x00000b20       0x20 C:/Program Files/Microchip/xc32/v5.10/bin/bin/../../lib/gcc/pic32c/13.2.1/thumb/v8-m.base/nofp\libgcc.a(_aeabi_uldivmod.o)
 .debug_aranges
                0x00000b40       0x20 C:/Program Files/Microchip/xc32/v5.10/bin/bin/../../lib/gcc/pic32c/13.2.1/thumb/v8-m.base/nofp\libgcc.a(_udivmoddi4.o)
 .debug_aranges
                0x00000b60       0x20 C:/Program Files/Microchip/xc32/v5.10/bin/bin/../../lib/gcc/pic32c/13.2.1/thumb/v8-m.base/nofp\libgcc.a(_dvmd_tls.o)
 .debug_aranges
                0x00000b80       0x20 C:/Program Files/Microchip/xc32/v5.10/bin/bin/../../lib/gcc/pic32c/13.2.1/thumb/v8-m.base/nofp\libgcc.a(_clzsi2.o)
 .debug_aranges
                0x00000ba0       0x20 C:/Program Files/Microchip/xc32/v5.10/bin/bin/../../lib/gcc/pic32c/13.2.1/../../../../pic32c/lib/thumb/v8-m.base/nofp\libpic32c.a(pic32_data_init_clear.o)
 .debug_aranges
                0x00000bc0       0x20 C:/Program Files/Microchip/xc32/v5.10/bin/bin/../../lib/gcc/pic32c/13.2.1/../../../../pic32c/lib/thumb/v8-m.base/nofp\libpic32c.a(pic32_data_init_copy.o)

.debug_ranges   0x00000000      0x900
 .debug_ranges  0x00000000       0x98 build/default/production/_ext/504274921/plib_sercom3_usart.o
 .debug_ranges  0x00000098       0x58 build/default/production/_ext/1360937237/main.o
 .debug_ranges  0x000000f0       0x10 build/default/production/_ext/1171490990/initialization.o
 .debug_ranges  0x00000100       0x10 build/default/production/_ext/1171490990/interrupts.o
 .debug_ranges  0x00000110       0x18 build/default/production/_ext/1171490990/exceptions.o
 .debug_ranges  0x00000128       0x18 build/default/production/_ext/163028504/xc32_monitor.o
 .debug_ranges  0x00000140       0x28 build/default/production/_ext/1865468468/plib_nvic.o
 .debug_ranges  0x00000168       0x88 build/default/production/_ext/1827571544/plib_systick.o
 .debug_ranges  0x000001f0       0x18 build/default/production/_ext/1171490990/startup_xc32.o
 .debug_ranges  0x00000208       0xa0 build/default/production/_ext/1865161661/plib_dmac.o
 .debug_ranges  0x000002a8       0x70 build/default/production/_ext/60163342/plib_adc.o
 .debug_ranges  0x00000318       0x70 build/default/production/_ext/60181570/plib_tcc0.o
 .debug_ranges  0x00000388       0x30 build/default/production/_ext/60167341/plib_eic.o
 .debug_ranges  0x000003b8       0x20 C:/Program Files/Microchip/xc32/v5.10/bin/bin/../../lib/gcc/pic32c/13.2.1/../../../../pic32c/lib/thumb/v8-m.base/nofp\libpic32c.a(data_init.o)
 .debug_ranges  0x000003d8       0x38 C:/Program Files/Microchip/xc32/v5.10/bin/bin/../../lib/gcc/pic32c/13.2.1/../../../../pic32c/lib/thumb/v8-m.base/nofp\libc-musl.a(__libc_start_main.o)
 .debug_ranges  0x00000410       0x18 C:/Program Files/Microchip/xc32/v5.10/bin/bin/../../lib/gcc/pic32c/13.2.1/../../../../pic32c/lib/thumb/v8-m.base/nofp\libc-musl.a(__sio_printf_dnu.o)
 .debug_ranges  0x00000428       0x10 C:/Program Files/Microchip/xc32/v5.10/bin/bin/../../lib/gcc/pic32c/13.2.1/../../../../pic32c/lib/thumb/v8-m.base/nofp\libc-musl.a(__fmt_d.o)
 .debug_ranges  0x00000438       0x10 C:/Program Files/Microchip/xc32/v5.10/bin/bin/../../lib/gcc/pic32c/13.2.1/../../../../pic32c/lib/thumb/v8-m.base/nofp\libc-musl.a(__fmt_u.o)
 .debug_ranges  0x00000448       0x10 C:/Program Files/Microchip/xc32/v5.10/bin/bin/../../lib/gcc/pic32c/13.2.1/../../../../pic32c/lib/thumb/v8-m.base/nofp\libc-musl.a(__pop_int.o)
 .debug_ranges  0x00000458       0x10 C:/Program Files/Microchip/xc32/v5.10/bin/bin/../../lib/gcc/pic32c/13.2.1/../../../../pic32c/lib/thumb/v8-m.base/nofp\libc-musl.a(__pop_ptr.o)
 .debug_ranges  0x00000468       0x58 C:/Program Files/Microchip/xc32/v5.10/bin/bin/../../lib/gcc/pic32c/13.2.1/../../../../pic32c/lib/thumb/v8-m.base/nofp\libc-musl.a(__printf_core.o)
 .debug_ranges  0x000004c0       0x18 C:/Program Files/Microchip/xc32/v5.10/bin/bin/../../lib/gcc/pic32c/13.2.1/../../../../pic32c/lib/thumb/v8-m.base/nofp\libc-musl.a(stdin.o)
 .debug_ranges  0x000004d8       0x20 C:/Program Files/Microchip/xc32/v5.10/bin/bin/../../lib/gcc/pic32c/13.2.1/../../../../pic32c/lib/thumb/v8-m.base/nofp\libc-musl.a(stdout.o)
 .debug_ranges  0x000004f8       0x10 C:/Program Files/Microchip/xc32/v5.10/bin/bin/../../lib/gcc/pic32c/13.2.1/../../../../pic32c/lib/thumb/v8-m.base/nofp\libc-musl.a(puts.o)
 .debug_ranges  0x00000508       0x10 C:/Program Files/Microchip/xc32/v5.10/bin/bin/../../lib/gcc/pic32c/13.2.1/../../../../pic32c/lib/thumb/v8-m.base/nofp\libc-musl.a(setbuf.o)
 .debug_ranges  0x00000518       0x10 C:/Program Files/Microchip/xc32/v5.10/bin/bin/../../lib/gcc/pic32c/13.2.1/../../../../pic32c/lib/thumb/v8-m.base/nofp\libc-musl.a(atoi.o)
 .debug_ranges  0x00000528       0x18 C:/Program Files/Microchip/xc32/v5.10/bin/bin/../../lib/gcc/pic32c/13.2.1/../../../../pic32c/lib/thumb/v8-m.base/nofp\libc-musl.a(tolower.o)
 .debug_ranges  0x00000540       0x10 C:/Program Files/Microchip/xc32/v5.10/bin/bin/../../lib/gcc/pic32c/13.2.1/../../../../pic32c/lib/thumb/v8-m.base/nofp\libc-musl.a(__int_vfprintf.o)
 .debug_ranges  0x00000550       0x10 C:/Program Files/Microchip/xc32/v5.10/bin/bin/../../lib/gcc/pic32c/13.2.1/../../../../pic32c/lib/thumb/v8-m.base/nofp\libc-musl.a(fputs.o)
 .debug_ranges  0x00000560       0x10 C:/Program Files/Microchip/xc32/v5.10/bin/bin/../../lib/gcc/pic32c/13.2.1/../../../../pic32c/lib/thumb/v8-m.base/nofp\libc-musl.a(__cvt_u.o)
 .debug_ranges  0x00000570       0x10 C:/Program Files/Microchip/xc32/v5.10/bin/bin/../../lib/gcc/pic32c/13.2.1/../../../../pic32c/lib/thumb/v8-m.base/nofp\libc-musl.a(__pop_float.o)
 .debug_ranges  0x00000580       0x10 C:/Program Files/Microchip/xc32/v5.10/bin/bin/../../lib/gcc/pic32c/13.2.1/../../../../pic32c/lib/thumb/v8-m.base/nofp\libc-musl.a(__stdio_read.o)
 .debug_ranges  0x00000590       0x10 C:/Program Files/Microchip/xc32/v5.10/bin/bin/../../lib/gcc/pic32c/13.2.1/../../../../pic32c/lib/thumb/v8-m.base/nofp\libc-musl.a(__towrite_rw.o)
 .debug_ranges  0x000005a0       0x18 C:/Program Files/Microchip/xc32/v5.10/bin/bin/../../lib/gcc/pic32c/13.2.1/../../../../pic32c/lib/thumb/v8-m.base/nofp\libc-musl.a(fwrite.o)
 .debug_ranges  0x000005b8       0x20 C:/Program Files/Microchip/xc32/v5.10/bin/bin/../../lib/gcc/pic32c/13.2.1/../../../../pic32c/lib/thumb/v8-m.base/nofp\libc-musl.a(putc.o)
 .debug_ranges  0x000005d8       0x18 C:/Program Files/Microchip/xc32/v5.10/bin/bin/../../lib/gcc/pic32c/13.2.1/../../../../pic32c/lib/thumb/v8-m.base/nofp\libc-musl.a(setvbuf.o)
 .debug_ranges  0x000005f0       0x10 C:/Program Files/Microchip/xc32/v5.10/bin/bin/../../lib/gcc/pic32c/13.2.1/../../../../pic32c/lib/thumb/v8-m.base/nofp\libc-musl.a(readv.o)